Component: ARM Compiler 5.06 update 6 (build 750) Tool: armlink [4d35ed]

==============================================================================

Section Cross References

    system_da14531.o(.text) refers to otp_cs.o(otp_cs_booter) for booter_val
    system_da14531.o(.text) refers to system_da14531.o(.data) for SystemCoreClock
    startup_da14531.o(RESET) refers to startup_da14531.o(STACK) for __initial_sp
    startup_da14531.o(RESET) refers to startup_da14531.o(.text) for Reset_Handler
    startup_da14531.o(RESET) refers to rwble.o(.text) for BLE_WAKEUP_LP_Handler
    startup_da14531.o(RESET) refers to uart.o(.text) for UART2_Handler
    startup_da14531.o(RESET) refers to i2c.o(.text) for I2C_Handler
    startup_da14531.o(RESET) refers to adc_531.o(.text) for ADC_Handler
    startup_da14531.o(RESET) refers to gpio.o(.text) for GPIO0_Handler
    startup_da14531.o(RESET) refers to wkupct_quadec.o(.text) for WKUP_QUADEC_Handler
    startup_da14531.o(.text) refers to system_da14531.o(.text) for SystemInit
    startup_da14531.o(.text) refers to entry.o(.ARM.Collect$$$$00000000) for __main
    startup_da14531.o(.text) refers to nmi_handler.o(.text) for NMI_HandlerC
    startup_da14531.o(.text) refers to hardfault_handler.o(.text) for HardFault_HandlerC
    hardfault_handler.o(.text) refers to syscntl.o(.text) for syscntl_dcdc_set_level
    nmi_handler.o(.text) refers to syscntl.o(.text) for syscntl_dcdc_set_level
    nvds.o(.constdata) refers to arch_system.o(retention_mem_area0) for dev_bdaddr
    arch_main.o(.text) refers to arch_system.o(.text) for read_rcx_freq
    arch_main.o(.text) refers to rwip.o(.text) for rwip_sleep
    arch_main.o(.text) refers to arch_sleep.o(.text) for arch_get_sleep_mode
    arch_main.o(.text) refers to user_periph_setup.o(.text) for periph_init
    arch_main.o(.text) refers to arch_main.o(.constdata) for user_app_main_loop_callbacks
    arch_main.o(.text) refers to arch_system.o(retention_mem_area0) for lp_clk_sel
    arch_main.o(.text) refers to rwble.o(retention_mem_area0) for arch_rwble_last_event
    arch_main.o(.text) refers to otp_cs.o(otp_cs_booter) for booter_val
    arch_main.o(.text) refers to arch_main.o(retention_mem_area0) for reinit_non_ret_heap
    arch_main.o(.text) refers to hw_otpc_531.o(.text) for hw_otpc_init
    arch_main.o(.text) refers (Weak) to hw_otpc_531.o(.text) for hw_otpc_clear_dcdc_reserved
    arch_main.o(.text) refers to syscntl.o(.text) for syscntl_dcdc_set_level
    arch_main.o(.constdata) refers to user_peripheral.o(.text) for user_app_init
    jump_table.o(.constdata) refers to ble_arp.o(.text) for rf_init_func
    jump_table.o(.constdata) refers to jump_table.o(.text) for platform_reset_func
    jump_table.o(.constdata) refers to rwble.o(.text) for lld_sleep_compensate_func
    jump_table.o(.constdata) refers to arch_system.o(.text) for lld_sleep_init_func
    jump_table.o(.constdata) refers to patch.o(.text) for JT_lld_test_mode_rx_func
    jump_table.o(.constdata) refers to prf.o(.text) for prf_init_func
    jump_table.o(.constdata) refers to jump_table.o(heap_mem_area_not_ret) for rwip_heap_non_ret
    jump_table.o(.constdata) refers to jump_table.o(heap_env_area) for rwip_heap_env_ret
    jump_table.o(.constdata) refers to jump_table.o(heap_db_area) for rwip_heap_db_ret
    jump_table.o(.constdata) refers to jump_table.o(heap_msg_area) for rwip_heap_msg_ret
    jump_table.o(.constdata) refers to nvds.o(.constdata) for rom_nvds_cfg
    jump_table.o(.constdata) refers to custs1.o(.constdata) for rom_cust_prf_cfg
    jump_table.o(.constdata) refers to prf.o(.constdata) for rom_prf_cfg
    jump_table.o(.constdata) refers to app_entry_point.o(.constdata) for rom_app_task_cfg
    arch_sleep.o(.text) refers to arch_sleep.o(retention_mem_area0) for sleep_md
    arch_sleep.o(.text) refers to arch_sleep.o(.text) for arch_set_extended_sleep
    arch_sleep.o(.text) refers to arch_sleep.o(retention_mem_area0) for sleep_cnt
    arch_sleep.o(.text) refers to arch_sleep.o(.text) for arch_get_sleep_mode
    arch_sleep.o(.text) refers to arch_sleep.o(retention_mem_area0) for sleep_cnt
    arch_sleep.o(.text) refers to arch_sleep.o(retention_mem_area0) for sleep_ext_force
    arch_sleep.o(.text) refers to arch_sleep.o(retention_mem_area0) for sleep_ext_force
    arch_sleep.o(.text) refers to rwble.o(retention_mem_area0) for arch_rwble_last_event
    arch_system.o(.text) refers to arch_system.o(i.__ARM_common_ll_muluu) for __ARM_common_ll_muluu
    arch_system.o(.text) refers to otp_cs.o(.text) for otp_cs_get_xtal_wait_trim
    arch_system.o(.text) refers to arch_system.o(retention_mem_area0) for rcx_cal_in_progress
    arch_system.o(.text) refers to arch_system.o(.bss) for twirq_reset_value
    arch_system.o(.text) refers to adc_531.o(.text) for adc_init
    arch_system.o(.text) refers to ble_arp.o(.text) for rf_recalibration
    arch_system.o(.text) refers to gpio.o(.text) for GPIO_init
[...]
    gapm_get_role                            0x07f190d9   Thumb Code     0  da14531_symbols.txt ABSOLUTE
    gapm_get_ad_type_flag                    0x07f190e1   Thumb Code     0  da14531_symbols.txt ABSOLUTE
    gapm_add_to_filter                       0x07f19107   Thumb Code     0  da14531_symbols.txt ABSOLUTE
    gapm_is_filtered                         0x07f19187   Thumb Code     0  da14531_symbols.txt ABSOLUTE
    gapm_update_air_op_state                 0x07f191eb   Thumb Code     0  da14531_symbols.txt ABSOLUTE
    gapm_get_irk                             0x07f192b3   Thumb Code     0  da14531_symbols.txt ABSOLUTE
    gapm_get_bdaddr                          0x07f192b9   Thumb Code     0  da14531_symbols.txt ABSOLUTE
    l2cc_pdu_pack_func                       0x07f192d5   Thumb Code     0  da14531_symbols.txt ABSOLUTE
    l2cc_detect_dest                         0x07f197d1   Thumb Code     0  da14531_symbols.txt ABSOLUTE
    l2cc_handle_invalid_pdu                  0x07f1982d   Thumb Code     0  da14531_symbols.txt ABSOLUTE
    l2cc_pdu_unpack_func                     0x07f19943   Thumb Code     0  da14531_symbols.txt ABSOLUTE
    l2c_process_sdu_func                     0x07f19c5f   Thumb Code     0  da14531_symbols.txt ABSOLUTE
    l2c_send_lecb_message_func               0x07f19d5f   Thumb Code     0  da14531_symbols.txt ABSOLUTE
    smpc_check_param_func                    0x07f19e59   Thumb Code     0  da14531_symbols.txt ABSOLUTE
    gapc_hci_handler                         0x07f1aacd   Thumb Code     0  da14531_symbols.txt ABSOLUTE
    gapm_hci_handler                         0x07f1b745   Thumb Code     0  da14531_symbols.txt ABSOLUTE
    smpc_pairing_start                       0x07f1b7b1   Thumb Code     0  da14531_symbols.txt ABSOLUTE
    smpc_pairing_tk_exch                     0x07f1b837   Thumb Code     0  da14531_symbols.txt ABSOLUTE
    smpc_pairing_ltk_exch                    0x07f1b8f5   Thumb Code     0  da14531_symbols.txt ABSOLUTE
    smpc_pairing_csrk_exch                   0x07f1b949   Thumb Code     0  da14531_symbols.txt ABSOLUTE
    smpc_pairing_rsp                         0x07f1b99f   Thumb Code     0  da14531_symbols.txt ABSOLUTE
    smpc_pairing_req_handler                 0x07f1ba83   Thumb Code     0  da14531_symbols.txt ABSOLUTE
    smpc_security_req_send                   0x07f1babb   Thumb Code     0  da14531_symbols.txt ABSOLUTE
    smpc_encrypt_start                       0x07f1bae5   Thumb Code     0  da14531_symbols.txt ABSOLUTE
    smpc_encrypt_start_handler               0x07f1bb0b   Thumb Code     0  da14531_symbols.txt ABSOLUTE
    smpc_encrypt_cfm                         0x07f1bb3d   Thumb Code     0  da14531_symbols.txt ABSOLUTE
    smpc_sign_command                        0x07f1bb69   Thumb Code     0  da14531_symbols.txt ABSOLUTE
    smpc_sign_cont                           0x07f1bc41   Thumb Code     0  da14531_symbols.txt ABSOLUTE
    smpc_calc_confirm_cont                   0x07f1bdeb   Thumb Code     0  da14531_symbols.txt ABSOLUTE
    smpc_confirm_gen_rand                    0x07f1c32d   Thumb Code     0  da14531_symbols.txt ABSOLUTE
    smpc_public_key_exchange_start_func      0x07f1c3f3   Thumb Code     0  da14531_symbols.txt ABSOLUTE
    smpc_dhkey_calc_start                    0x07f1c417   Thumb Code     0  da14531_symbols.txt ABSOLUTE
    smpc_sec_authentication_start            0x07f1c447   Thumb Code     0  da14531_symbols.txt ABSOLUTE
    smpc_dhkey_calc_ind_func                 0x07f1c475   Thumb Code     0  da14531_symbols.txt ABSOLUTE
    smpm_gen_rand_addr                       0x07f1c4b9   Thumb Code     0  da14531_symbols.txt ABSOLUTE
    smpm_resolv_addr                         0x07f1c4d1   Thumb Code     0  da14531_symbols.txt ABSOLUTE
    smpm_use_enc_block                       0x07f1c4f3   Thumb Code     0  da14531_symbols.txt ABSOLUTE
    smpm_gen_rand_nb                         0x07f1c4fb   Thumb Code     0  da14531_symbols.txt ABSOLUTE
    smpm_ecdh_key_create_func                0x07f1c503   Thumb Code     0  da14531_symbols.txt ABSOLUTE
    ke_init                                  0x07f1c521   Thumb Code     0  da14531_symbols.txt ABSOLUTE
    ke_flush                                 0x07f1c553   Thumb Code     0  da14531_symbols.txt ABSOLUTE
    ke_sleep_check                           0x07f1c593   Thumb Code     0  da14531_symbols.txt ABSOLUTE
    ke_stats_get                             0x07f1c5a5   Thumb Code     0  da14531_symbols.txt ABSOLUTE
    ke_event_init                            0x07f1c5c1   Thumb Code     0  da14531_symbols.txt ABSOLUTE
    ke_event_callback_set                    0x07f1c5cd   Thumb Code     0  da14531_symbols.txt ABSOLUTE
    ke_event_set                             0x07f1c5e1   Thumb Code     0  da14531_symbols.txt ABSOLUTE
    ke_event_clear                           0x07f1c60d   Thumb Code     0  da14531_symbols.txt ABSOLUTE
    ke_event_get                             0x07f1c639   Thumb Code     0  da14531_symbols.txt ABSOLUTE
    ke_event_get_all                         0x07f1c65f   Thumb Code     0  da14531_symbols.txt ABSOLUTE
    ke_event_flush                           0x07f1c665   Thumb Code     0  da14531_symbols.txt ABSOLUTE
    ke_event_schedule                        0x07f1c66d   Thumb Code     0  da14531_symbols.txt ABSOLUTE
    ke_mem_init                              0x07f1c6bd   Thumb Code     0  da14531_symbols.txt ABSOLUTE
    ke_mem_is_empty                          0x07f1c709   Thumb Code     0  da14531_symbols.txt ABSOLUTE
    ke_check_malloc                          0x07f1c749   Thumb Code     0  da14531_symbols.txt ABSOLUTE
    ke_malloc                                0x07f1c7d9   Thumb Code     0  da14531_symbols.txt ABSOLUTE
    ke_free                                  0x07f1c8cf   Thumb Code     0  da14531_symbols.txt ABSOLUTE
    ke_is_free                               0x07f1c9b1   Thumb Code     0  da14531_symbols.txt ABSOLUTE
    ke_get_mem_usage                         0x07f1c9c3   Thumb Code     0  da14531_symbols.txt ABSOLUTE
    ke_get_max_mem_usage                     0x07f1c9cf   Thumb Code     0  da14531_symbols.txt ABSOLUTE
    ke_msg_alloc                             0x07f1c9f5   Thumb Code     0  da14531_symbols.txt ABSOLUTE
    ke_msg_send                              0x07f1ca2b   Thumb Code     0  da14531_symbols.txt ABSOLUTE
    ke_msg_send_basic                        0x07f1ca57   Thumb Code     0  da14531_symbols.txt ABSOLUTE
    ke_msg_forward                           0x07f1ca65   Thumb Code     0  da14531_symbols.txt ABSOLUTE
    ke_msg_forward_new_id                    0x07f1ca6f   Thumb Code     0  da14531_symbols.txt ABSOLUTE
    ke_msg_free                              0x07f1ca7f   Thumb Code     0  da14531_symbols.txt ABSOLUTE
    ke_msg_dest_id_get                       0x07f1ca87   Thumb Code     0  da14531_symbols.txt ABSOLUTE
    ke_msg_src_id_get                        0x07f1ca8d   Thumb Code     0  da14531_symbols.txt ABSOLUTE
    ke_msg_in_queue                          0x07f1ca93   Thumb Code     0  da14531_symbols.txt ABSOLUTE
    ke_queue_extract                         0x07f1caa5   Thumb Code     0  da14531_symbols.txt ABSOLUTE
    ke_queue_insert                          0x07f1caf5   Thumb Code     0  da14531_symbols.txt ABSOLUTE
    ke_task_init_func                        0x07f1cddf   Thumb Code     0  da14531_symbols.txt ABSOLUTE
    ke_task_create                           0x07f1cdf3   Thumb Code     0  da14531_symbols.txt ABSOLUTE
    ke_task_delete                           0x07f1ce2b   Thumb Code     0  da14531_symbols.txt ABSOLUTE
    ke_state_set                             0x07f1ce57   Thumb Code     0  da14531_symbols.txt ABSOLUTE
    ke_state_get                             0x07f1ce81   Thumb Code     0  da14531_symbols.txt ABSOLUTE
    ke_msg_discard                           0x07f1ce9f   Thumb Code     0  da14531_symbols.txt ABSOLUTE
    ke_msg_save                              0x07f1cea3   Thumb Code     0  da14531_symbols.txt ABSOLUTE
    ke_task_msg_flush                        0x07f1cea7   Thumb Code     0  da14531_symbols.txt ABSOLUTE
    ke_timer_init_func                       0x07f1d067   Thumb Code     0  da14531_symbols.txt ABSOLUTE
    ke_timer_set                             0x07f1d073   Thumb Code     0  da14531_symbols.txt ABSOLUTE
    ke_timer_clear                           0x07f1d107   Thumb Code     0  da14531_symbols.txt ABSOLUTE
    ke_timer_active                          0x07f1d15d   Thumb Code     0  da14531_symbols.txt ABSOLUTE
    ke_timer_sleep_check                     0x07f1d183   Thumb Code     0  da14531_symbols.txt ABSOLUTE
    rwble_hl_init                            0x07f1d289   Thumb Code     0  da14531_symbols.txt ABSOLUTE
    rwble_hl_reset                           0x07f1d2ab   Thumb Code     0  da14531_symbols.txt ABSOLUTE
    rwble_hl_send_message                    0x07f1d2cd   Thumb Code     0  da14531_symbols.txt ABSOLUTE
    rwip_check_wakeup_boundary               0x07f1d2d1   Thumb Code     0  da14531_symbols.txt ABSOLUTE
    rwip_init                                0x07f1d2f7   Thumb Code     0  da14531_symbols.txt ABSOLUTE
    rwip_reset                               0x07f1d3bb   Thumb Code     0  da14531_symbols.txt ABSOLUTE
    rwip_version                             0x07f1d3f3   Thumb Code     0  da14531_symbols.txt ABSOLUTE
    rwip_schedule                            0x07f1d3fb   Thumb Code     0  da14531_symbols.txt ABSOLUTE
    rwip_prevent_sleep_set                   0x07f1d4a7   Thumb Code     0  da14531_symbols.txt ABSOLUTE
    rwip_wakeup                              0x07f1d4c9   Thumb Code     0  da14531_symbols.txt ABSOLUTE
    rwip_prevent_sleep_clear                 0x07f1d4df   Thumb Code     0  da14531_symbols.txt ABSOLUTE
    rwip_wakeup_end                          0x07f1d501   Thumb Code     0  da14531_symbols.txt ABSOLUTE
    rwip_wakeup_delay_set                    0x07f1d51d   Thumb Code     0  da14531_symbols.txt ABSOLUTE
    rwip_sleep_enable                        0x07f1d52b   Thumb Code     0  da14531_symbols.txt ABSOLUTE
    rwip_ext_wakeup_enable                   0x07f1d531   Thumb Code     0  da14531_symbols.txt ABSOLUTE
    rwble_init                               0x07f1d555   Thumb Code     0  da14531_symbols.txt ABSOLUTE
    rwble_reset                              0x07f1d5bb   Thumb Code     0  da14531_symbols.txt ABSOLUTE
    rwble_version                            0x07f1d5ef   Thumb Code     0  da14531_symbols.txt ABSOLUTE
    rwble_send_message                       0x07f1d61b   Thumb Code     0  da14531_symbols.txt ABSOLUTE
    YieldToScheduler                         0x07f1d725   Thumb Code     0  da14531_symbols.txt ABSOLUTE
    xorshift64star                           0x07f1d72d   Thumb Code     0  da14531_symbols.txt ABSOLUTE
    uECC_set_rng                             0x07f1d793   Thumb Code     0  da14531_symbols.txt ABSOLUTE
    uECC_get_rng                             0x07f1d799   Thumb Code     0  da14531_symbols.txt ABSOLUTE
    uECC_curve_private_key_size              0x07f1d79f   Thumb Code     0  da14531_symbols.txt ABSOLUTE
    uECC_curve_public_key_size               0x07f1d7af   Thumb Code     0  da14531_symbols.txt ABSOLUTE
    uECC_vli_clear                           0x07f1d7b7   Thumb Code     0  da14531_symbols.txt ABSOLUTE
    uECC_vli_isZero                          0x07f1d7cd   Thumb Code     0  da14531_symbols.txt ABSOLUTE
    uECC_vli_testBit                         0x07f1d7ef   Thumb Code     0  da14531_symbols.txt ABSOLUTE
    uECC_vli_numBits                         0x07f1d801   Thumb Code     0  da14531_symbols.txt ABSOLUTE
    uECC_vli_set                             0x07f1d83b   Thumb Code     0  da14531_symbols.txt ABSOLUTE
    uECC_vli_equal                           0x07f1d879   Thumb Code     0  da14531_symbols.txt ABSOLUTE
    uECC_vli_cmp                             0x07f1d89d   Thumb Code     0  da14531_symbols.txt ABSOLUTE
    uECC_vli_rshift1                         0x07f1d8d3   Thumb Code     0  da14531_symbols.txt ABSOLUTE
    uECC_vli_square                          0x07f1d8f1   Thumb Code     0  da14531_symbols.txt ABSOLUTE
    uECC_vli_modAdd                          0x07f1d8fd   Thumb Code     0  da14531_symbols.txt ABSOLUTE
    uECC_vli_modSub                          0x07f1d92b   Thumb Code     0  da14531_symbols.txt ABSOLUTE
    uECC_vli_mmod                            0x07f1d94b   Thumb Code     0  da14531_symbols.txt ABSOLUTE
    uECC_vli_modMult                         0x07f1da55   Thumb Code     0  da14531_symbols.txt ABSOLUTE
    uECC_vli_modMult_fast                    0x07f1da77   Thumb Code     0  da14531_symbols.txt ABSOLUTE
    uECC_vli_modSquare                       0x07f1da97   Thumb Code     0  da14531_symbols.txt ABSOLUTE
    uECC_vli_modSquare_fast                  0x07f1daa5   Thumb Code     0  da14531_symbols.txt ABSOLUTE
    uECC_vli_modInv                          0x07f1dae5   Thumb Code     0  da14531_symbols.txt ABSOLUTE
    uECC_secp256r1                           0x07f1de21   Thumb Code     0  da14531_symbols.txt ABSOLUTE
    uECC_vli_nativeToBytes                   0x07f1e41f   Thumb Code     0  da14531_symbols.txt ABSOLUTE
    uECC_vli_bytesToNative                   0x07f1e441   Thumb Code     0  da14531_symbols.txt ABSOLUTE
    uECC_generate_random_int                 0x07f1e47f   Thumb Code     0  da14531_symbols.txt ABSOLUTE
    uECC_make_key                            0x07f1e4e1   Thumb Code     0  da14531_symbols.txt ABSOLUTE
    uECC_shared_secret                       0x07f1e55f   Thumb Code     0  da14531_symbols.txt ABSOLUTE
    uECC_compress                            0x07f1e61b   Thumb Code     0  da14531_symbols.txt ABSOLUTE
    uECC_decompress                          0x07f1e649   Thumb Code     0  da14531_symbols.txt ABSOLUTE
    uECC_valid_point                         0x07f1e6b9   Thumb Code     0  da14531_symbols.txt ABSOLUTE
    uECC_valid_public_key                    0x07f1e71b   Thumb Code     0  da14531_symbols.txt ABSOLUTE
    uECC_compute_public_key                  0x07f1e74f   Thumb Code     0  da14531_symbols.txt ABSOLUTE
    uECC_sign                                0x07f1e9d5   Thumb Code     0  da14531_symbols.txt ABSOLUTE
    uECC_sign_deterministic                  0x07f1eabb   Thumb Code     0  da14531_symbols.txt ABSOLUTE
    uECC_verify                              0x07f1ec29   Thumb Code     0  da14531_symbols.txt ABSOLUTE
    uECC_curve_num_words                     0x07f1eed5   Thumb Code     0  da14531_symbols.txt ABSOLUTE
    uECC_curve_num_bytes                     0x07f1eedd   Thumb Code     0  da14531_symbols.txt ABSOLUTE
    uECC_curve_num_bits                      0x07f1eee5   Thumb Code     0  da14531_symbols.txt ABSOLUTE
    uECC_curve_num_n_words                   0x07f1eeed   Thumb Code     0  da14531_symbols.txt ABSOLUTE
    uECC_curve_num_n_bytes                   0x07f1eefd   Thumb Code     0  da14531_symbols.txt ABSOLUTE
    uECC_curve_num_n_bits                    0x07f1ef0d   Thumb Code     0  da14531_symbols.txt ABSOLUTE
    uECC_curve_p                             0x07f1ef15   Thumb Code     0  da14531_symbols.txt ABSOLUTE
    uECC_curve_n                             0x07f1ef19   Thumb Code     0  da14531_symbols.txt ABSOLUTE
    uECC_curve_G                             0x07f1ef1d   Thumb Code     0  da14531_symbols.txt ABSOLUTE
    uECC_curve_b                             0x07f1ef21   Thumb Code     0  da14531_symbols.txt ABSOLUTE
    uECC_vli_mod_sqrt                        0x07f1ef25   Thumb Code     0  da14531_symbols.txt ABSOLUTE
    uECC_vli_mmod_fast                       0x07f1ef2b   Thumb Code     0  da14531_symbols.txt ABSOLUTE
    uECC_point_mult                          0x07f1ef31   Thumb Code     0  da14531_symbols.txt ABSOLUTE
    __aeabi_uidiv                            0x07f1f005   Thumb Code     0  da14531_symbols.txt ABSOLUTE
    __aeabi_uidivmod                         0x07f1f005   Thumb Code     0  da14531_symbols.txt ABSOLUTE
    __aeabi_idiv                             0x07f1f031   Thumb Code     0  da14531_symbols.txt ABSOLUTE
    __aeabi_idivmod                          0x07f1f031   Thumb Code     0  da14531_symbols.txt ABSOLUTE
    __aeabi_lmul                             0x07f1f059   Thumb Code     0  da14531_symbols.txt ABSOLUTE
    _ll_mul                                  0x07f1f059   Thumb Code     0  da14531_symbols.txt ABSOLUTE
    rand                                     0x07f1f0d5   Thumb Code     0  da14531_symbols.txt ABSOLUTE
    srand                                    0x07f1f0e7   Thumb Code     0  da14531_symbols.txt ABSOLUTE
    __aeabi_memcpy                           0x07f1f0f9   Thumb Code     0  da14531_symbols.txt ABSOLUTE
    __aeabi_memcpy4                          0x07f1f0f9   Thumb Code     0  da14531_symbols.txt ABSOLUTE
    __aeabi_memcpy8                          0x07f1f0f9   Thumb Code     0  da14531_symbols.txt ABSOLUTE
    __aeabi_memset                           0x07f1f11d   Thumb Code     0  da14531_symbols.txt ABSOLUTE
    __aeabi_memset4                          0x07f1f11d   Thumb Code     0  da14531_symbols.txt ABSOLUTE
    __aeabi_memset8                          0x07f1f11d   Thumb Code     0  da14531_symbols.txt ABSOLUTE
    __aeabi_memclr                           0x07f1f12b   Thumb Code     0  da14531_symbols.txt ABSOLUTE
    __aeabi_memclr4                          0x07f1f12b   Thumb Code     0  da14531_symbols.txt ABSOLUTE
    __aeabi_memclr8                          0x07f1f12b   Thumb Code     0  da14531_symbols.txt ABSOLUTE
    _memset$wrapper                          0x07f1f12f   Thumb Code     0  da14531_symbols.txt ABSOLUTE
    memcmp                                   0x07f1f141   Thumb Code     0  da14531_symbols.txt ABSOLUTE
    __aeabi_uread4                           0x07f1f15b   Thumb Code     0  da14531_symbols.txt ABSOLUTE
    __rt_uread4                              0x07f1f15b   Thumb Code     0  da14531_symbols.txt ABSOLUTE
    _uread4                                  0x07f1f15b   Thumb Code     0  da14531_symbols.txt ABSOLUTE
    __aeabi_uwrite4                          0x07f1f16f   Thumb Code     0  da14531_symbols.txt ABSOLUTE
    __rt_uwrite4                             0x07f1f16f   Thumb Code     0  da14531_symbols.txt ABSOLUTE
    _uwrite4                                 0x07f1f16f   Thumb Code     0  da14531_symbols.txt ABSOLUTE
    __aeabi_llsl                             0x07f1f181   Thumb Code     0  da14531_symbols.txt ABSOLUTE
    _ll_shift_l                              0x07f1f181   Thumb Code     0  da14531_symbols.txt ABSOLUTE
    __ARM_common_switch8                     0x07f1f1a1   Thumb Code     0  da14531_symbols.txt ABSOLUTE
    uart_api                                 0x07f1f1bc   Data           0  da14531_symbols.txt ABSOLUTE
    co_sca2ppm                               0x07f1f1cc   Data           0  da14531_symbols.txt ABSOLUTE
    co_null_bdaddr                           0x07f1f1dc   Data           0  da14531_symbols.txt ABSOLUTE
    co_default_bdaddr                        0x07f1f1e2   Data           0  da14531_symbols.txt ABSOLUTE
    llc_state_handler                        0x07f1f468   Data           0  da14531_symbols.txt ABSOLUTE
    llc_default_handler                      0x07f1f538   Data           0  da14531_symbols.txt ABSOLUTE
    llm_debug_private_key                    0x07f1f556   Data           0  da14531_symbols.txt ABSOLUTE
    llm_local_le_states                      0x07f1f588   Data           0  da14531_symbols.txt ABSOLUTE
    llm_state_handler                        0x07f1f770   Data           0  da14531_symbols.txt ABSOLUTE
    llm_default_handler                      0x07f1f7a0   Data           0  da14531_symbols.txt ABSOLUTE
    LLM_AA_CT1                               0x07f1f7a8   Data           0  da14531_symbols.txt ABSOLUTE
    LLM_AA_CT2                               0x07f1f7ab   Data           0  da14531_symbols.txt ABSOLUTE
    ecc_p256_G                               0x07f1f7ad   Data           0  da14531_symbols.txt ABSOLUTE
    gtl_default_state                        0x07f1f800   Data           0  da14531_symbols.txt ABSOLUTE
    gtl_default_handler                      0x07f1f808   Data           0  da14531_symbols.txt ABSOLUTE
    hci_cmd_desc_tab_lk_ctrl                 0x07f1f814   Data           0  da14531_symbols.txt ABSOLUTE
    hci_cmd_desc_tab_ctrl_bb                 0x07f1f838   Data           0  da14531_symbols.txt ABSOLUTE
    hci_cmd_desc_tab_info_par                0x07f1f8b0   Data           0  da14531_symbols.txt ABSOLUTE
    hci_cmd_desc_tab_stat_par                0x07f1f8e0   Data           0  da14531_symbols.txt ABSOLUTE
    hci_cmd_desc_tab_le                      0x07f1f8ec   Data           0  da14531_symbols.txt ABSOLUTE
    hci_cmd_desc_tab_vs                      0x07f1fb38   Data           0  da14531_symbols.txt ABSOLUTE
    rom_hci_cmd_desc_root_tab                0x07f1fc7c   Data           0  da14531_symbols.txt ABSOLUTE
    hci_evt_desc_tab                         0x07f1fcac   Data           0  da14531_symbols.txt ABSOLUTE
    hci_evt_le_desc_tab                      0x07f1fcf4   Data           0  da14531_symbols.txt ABSOLUTE
    attc_handlers                            0x07f1fd64   Data           0  da14531_symbols.txt ABSOLUTE
    atts_handlers                            0x07f1fdd4   Data           0  da14531_symbols.txt ABSOLUTE
    gattc_default_state                      0x07f1fe54   Data           0  da14531_symbols.txt ABSOLUTE
    gattc_default_handler                    0x07f1ff34   Data           0  da14531_symbols.txt ABSOLUTE
    gattm_default_state                      0x07f1ff80   Data           0  da14531_symbols.txt ABSOLUTE
    gattm_default_handler                    0x07f1ffd8   Data           0  da14531_symbols.txt ABSOLUTE
    l2cc_default_state                       0x07f1fff0   Data           0  da14531_symbols.txt ABSOLUTE
    l2cc_default_handler                     0x07f20008   Data           0  da14531_symbols.txt ABSOLUTE
    const_Rb                                 0x07f20029   Data           0  da14531_symbols.txt ABSOLUTE
    const_Zero                               0x07f20039   Data           0  da14531_symbols.txt ABSOLUTE
    gapc_default_state                       0x07f2005c   Data           0  da14531_symbols.txt ABSOLUTE
    gapc_default_handler                     0x07f201ac   Data           0  da14531_symbols.txt ABSOLUTE
    gapm_default_state                       0x07f20248   Data           0  da14531_symbols.txt ABSOLUTE
    gapm_default_handler                     0x07f20330   Data           0  da14531_symbols.txt ABSOLUTE
    l2cc_connor_pkt_format                   0x07f20338   Data           0  da14531_symbols.txt ABSOLUTE
    l2cc_signaling_pkt_format                0x07f20340   Data           0  da14531_symbols.txt ABSOLUTE
    l2cc_security_pkt_format                 0x07f2039c   Data           0  da14531_symbols.txt ABSOLUTE
    l2cc_attribute_pkt_format                0x07f203d8   Data           0  da14531_symbols.txt ABSOLUTE
    smpc_construct_pdu                       0x07f20454   Data           0  da14531_symbols.txt ABSOLUTE
    arch_printf_flush                        0x07f20be5   Thumb Code     0  da14531_symbols.txt ABSOLUTE
    arch_vprintf                             0x07f20c9d   Thumb Code     0  da14531_symbols.txt ABSOLUTE
    arch_printf                              0x07f20cfd   Thumb Code     0  da14531_symbols.txt ABSOLUTE
    arch_puts                                0x07f20d11   Thumb Code     0  da14531_symbols.txt ABSOLUTE
    arch_printf_process                      0x07f20d21   Thumb Code     0  da14531_symbols.txt ABSOLUTE
    nvds_get_func                            0x07f20dcd   Thumb Code     0  da14531_symbols.txt ABSOLUTE
    nvds_init_func                           0x07f20ea9   Thumb Code     0  da14531_symbols.txt ABSOLUTE
    nvds_del_func                            0x07f20ead   Thumb Code     0  da14531_symbols.txt ABSOLUTE
    nvds_put_func                            0x07f20eb1   Thumb Code     0  da14531_symbols.txt ABSOLUTE
    csprng_seed                              0x07f20f49   Thumb Code     0  da14531_symbols.txt ABSOLUTE
    csprng_get_next_uint32                   0x07f20f79   Thumb Code     0  da14531_symbols.txt ABSOLUTE
    trng_acquire                             0x07f21021   Thumb Code     0  da14531_symbols.txt ABSOLUTE
    prf_add_profile_func                     0x07f210d1   Thumb Code     0  da14531_symbols.txt ABSOLUTE
    prf_cleanup_func                         0x07f211b1   Thumb Code     0  da14531_symbols.txt ABSOLUTE
    prf_env_get                              0x07f211f1   Thumb Code     0  da14531_symbols.txt ABSOLUTE
    prf_src_task_get                         0x07f2121d   Thumb Code     0  da14531_symbols.txt ABSOLUTE
    prf_dst_task_get                         0x07f2122d   Thumb Code     0  da14531_symbols.txt ABSOLUTE
    prf_get_id_from_task_func                0x07f21241   Thumb Code     0  da14531_symbols.txt ABSOLUTE
    prf_get_task_from_id_func                0x07f21279   Thumb Code     0  da14531_symbols.txt ABSOLUTE
    prf_reset_func                           0x07f212b1   Thumb Code     0  da14531_symbols.txt ABSOLUTE
    prf_itf_get                              0x07f212fd   Thumb Code     0  da14531_symbols.txt ABSOLUTE
    prf_pack_char_pres_fmt                   0x07f21321   Thumb Code     0  da14531_symbols.txt ABSOLUTE
    prf_pack_date_time                       0x07f2133f   Thumb Code     0  da14531_symbols.txt ABSOLUTE
    prf_unpack_date_time                     0x07f2135f   Thumb Code     0  da14531_symbols.txt ABSOLUTE
    diss_compute_cfg_flag                    0x07f21381   Thumb Code     0  da14531_symbols.txt ABSOLUTE
    diss_handle_to_value                     0x07f21453   Thumb Code     0  da14531_symbols.txt ABSOLUTE
    diss_value_to_handle                     0x07f21483   Thumb Code     0  da14531_symbols.txt ABSOLUTE
    diss_check_val_len                       0x07f214b7   Thumb Code     0  da14531_symbols.txt ABSOLUTE
    diss_prf_itf_get                         0x07f214ed   Thumb Code     0  da14531_symbols.txt ABSOLUTE
    bass_get_att_handle                      0x07f2184b   Thumb Code     0  da14531_symbols.txt ABSOLUTE
    bass_get_att_idx                         0x07f21901   Thumb Code     0  da14531_symbols.txt ABSOLUTE
    bass_exe_operation                       0x07f2196b   Thumb Code     0  da14531_symbols.txt ABSOLUTE
    bass_prf_itf_get                         0x07f21a6d   Thumb Code     0  da14531_symbols.txt ABSOLUTE
    suotar_prf_itf_get                       0x07f22059   Thumb Code     0  da14531_symbols.txt ABSOLUTE
    check_client_char_cfg                    0x07f22355   Thumb Code     0  da14531_symbols.txt ABSOLUTE
    get_value_handle                         0x07f2237f   Thumb Code     0  da14531_symbols.txt ABSOLUTE
    get_cfg_handle                           0x07f223cb   Thumb Code     0  da14531_symbols.txt ABSOLUTE
    custs1_get_att_handle                    0x07f2242d   Thumb Code     0  da14531_symbols.txt ABSOLUTE
    custs1_get_att_idx                       0x07f22449   Thumb Code     0  da14531_symbols.txt ABSOLUTE
    custs1_prf_itf_get                       0x07f22621   Thumb Code     0  da14531_symbols.txt ABSOLUTE
    custs1_init_ccc_values                   0x07f226d3   Thumb Code     0  da14531_symbols.txt ABSOLUTE
    custs1_set_ccc_value                     0x07f2270b   Thumb Code     0  da14531_symbols.txt ABSOLUTE
    gattc_cmp_evt_handler                    0x07f22823   Thumb Code     0  da14531_symbols.txt ABSOLUTE
    custs1_val_set_req_handler               0x07f22837   Thumb Code     0  da14531_symbols.txt ABSOLUTE
    custs1_val_ntf_req_handler               0x07f22857   Thumb Code     0  da14531_symbols.txt ABSOLUTE
    custs1_val_ind_req_handler               0x07f228b3   Thumb Code     0  da14531_symbols.txt ABSOLUTE
    custs1_att_info_rsp_handler              0x07f2290f   Thumb Code     0  da14531_symbols.txt ABSOLUTE
    gattc_read_req_ind_handler               0x07f2294b   Thumb Code     0  da14531_symbols.txt ABSOLUTE
    gattc_att_info_req_ind_handler           0x07f22b57   Thumb Code     0  da14531_symbols.txt ABSOLUTE
    custs1_value_req_rsp_handler             0x07f22b99   Thumb Code     0  da14531_symbols.txt ABSOLUTE
    attm_svc_create_db_128                   0x07f22c19   Thumb Code     0  da14531_symbols.txt ABSOLUTE
    gapm_adv_report_ind_handler_ROM          0x07f23085   Thumb Code     0  da14531_symbols.txt ABSOLUTE
    gapc_security_ind_handler_ROM            0x07f2309f   Thumb Code     0  da14531_symbols.txt ABSOLUTE
    gapc_set_dev_info_req_ind_handler_ROM    0x07f23185   Thumb Code     0  da14531_symbols.txt ABSOLUTE
    gapm_profile_added_ind_handler_ROM       0x07f231c7   Thumb Code     0  da14531_symbols.txt ABSOLUTE
    gapc_param_update_req_ind_handler_ROM    0x07f231f9   Thumb Code     0  da14531_symbols.txt ABSOLUTE
    gapc_le_pkt_size_ind_handler_ROM         0x07f23239   Thumb Code     0  da14531_symbols.txt ABSOLUTE
    gattc_svc_changed_cfg_ind_handler_ROM    0x07f23253   Thumb Code     0  da14531_symbols.txt ABSOLUTE
    gapc_peer_features_ind_handler_ROM       0x07f2326f   Thumb Code     0  da14531_symbols.txt ABSOLUTE
    app_entry_point_handler                  0x07f232a9   Thumb Code     0  da14531_symbols.txt ABSOLUTE
    app_std_process_event                    0x07f232f1   Thumb Code     0  da14531_symbols.txt ABSOLUTE
    app_get_address_type_ROM                 0x07f23335   Thumb Code     0  da14531_symbols.txt ABSOLUTE
    app_fill_random_byte_array_ROM           0x07f23361   Thumb Code     0  da14531_symbols.txt ABSOLUTE
    __aeabi_ldivmod                          0x07f233f3   Thumb Code     0  da14531_symbols.txt ABSOLUTE
    __aeabi_llsr                             0x07f2343f   Thumb Code     0  da14531_symbols.txt ABSOLUTE
    _ll_ushift_r                             0x07f2343f   Thumb Code     0  da14531_symbols.txt ABSOLUTE
    __aeabi_uldivmod                         0x07f23461   Thumb Code     0  da14531_symbols.txt ABSOLUTE
    app_db_init_start                        0x07f234c1   Thumb Code     0  da14531_symbols.txt ABSOLUTE
    app_db_init                              0x07f234dd   Thumb Code     0  da14531_symbols.txt ABSOLUTE
    app_easy_gap_confirm                     0x07f234e9   Thumb Code     0  da14531_symbols.txt ABSOLUTE
    append_device_name                       0x07f23515   Thumb Code     0  da14531_symbols.txt ABSOLUTE
    app_easy_gap_update_adv_data             0x07f23539   Thumb Code     0  da14531_symbols.txt ABSOLUTE
    app_easy_gap_disconnect                  0x07f23581   Thumb Code     0  da14531_symbols.txt ABSOLUTE
    app_easy_gap_advertise_stop              0x07f235bd   Thumb Code     0  da14531_symbols.txt ABSOLUTE
    active_conidx_to_conhdl                  0x07f235d9   Thumb Code     0  da14531_symbols.txt ABSOLUTE
    active_conhdl_to_conidx                  0x07f23605   Thumb Code     0  da14531_symbols.txt ABSOLUTE
    app_timer_set                            0x07f23641   Thumb Code     0  da14531_symbols.txt ABSOLUTE
    app_easy_gap_set_data_packet_length      0x07f2365d   Thumb Code     0  da14531_symbols.txt ABSOLUTE
    get_user_prf_srv_perm                    0x07f23699   Thumb Code     0  da14531_symbols.txt ABSOLUTE
    app_set_prf_srv_perm                     0x07f236c1   Thumb Code     0  da14531_symbols.txt ABSOLUTE
    prf_init_srv_perm                        0x07f236f1   Thumb Code     0  da14531_symbols.txt ABSOLUTE
    app_gattc_svc_changed_cmd_send           0x07f23715   Thumb Code     0  da14531_symbols.txt ABSOLUTE
    blank_otp_bdaddr                         0x07f239e4   Data           0  da14531_symbols.txt ABSOLUTE
    app_default_handler                      0x07f23f58   Data           0  da14531_symbols.txt ABSOLUTE
    gap_cfg_user_var_struct                  0x07f23f60   Data           0  da14531_symbols.txt ABSOLUTE
    __Vectors                                0x07fc0000   Data           4  startup_da14531.o(RESET)
    __Vectors_End                            0x07fc00a0   Data           0  startup_da14531.o(RESET)
    booter_val                               0x07fc00a0   Data           8  otp_cs.o(otp_cs_booter)
    Image$$ER_IROM3$$Base                    0x07fc0110   Number         0  anon$$obj.o ABSOLUTE
    __main                                   0x07fc0111   Thumb Code     0  entry.o(.ARM.Collect$$$$00000000)
    _main_stk                                0x07fc0111   Thumb Code     0  entry2.o(.ARM.Collect$$$$00000001)
    _main_scatterload                        0x07fc0115   Thumb Code     0  entry5.o(.ARM.Collect$$$$00000004)
    __main_after_scatterload                 0x07fc0119   Thumb Code     0  entry5.o(.ARM.Collect$$$$00000004)
    _main_clock                              0x07fc0119   Thumb Code     0  entry7b.o(.ARM.Collect$$$$00000008)
    _main_cpp_init                           0x07fc0119   Thumb Code     0  entry8b.o(.ARM.Collect$$$$0000000A)
    _main_init                               0x07fc0119   Thumb Code     0  entry9a.o(.ARM.Collect$$$$0000000B)
    __rt_final_cpp                           0x07fc0121   Thumb Code     0  entry10a.o(.ARM.Collect$$$$0000000D)
    __rt_final_exit                          0x07fc0121   Thumb Code     0  entry11a.o(.ARM.Collect$$$$0000000F)
    SystemInit                               0x07fc0157   Thumb Code   138  system_da14531.o(.text)
    Reset_Handler                            0x07fc01f5   Thumb Code     8  startup_da14531.o(.text)
    SVC_Handler                              0x07fc022d   Thumb Code     2  startup_da14531.o(.text)
    PendSV_Handler                           0x07fc022f   Thumb Code     2  startup_da14531.o(.text)
    SysTick_Handler                          0x07fc0231   Thumb Code     2  startup_da14531.o(.text)
    BLE_RF_DIAG_Handler                      0x07fc0233   Thumb Code     0  startup_da14531.o(.text)
    DMA_Handler                              0x07fc0233   Thumb Code     0  startup_da14531.o(.text)
    KEYBRD_Handler                           0x07fc0233   Thumb Code     0  startup_da14531.o(.text)
    RESERVED21_Handler                       0x07fc0233   Thumb Code     0  startup_da14531.o(.text)
    RESERVED22_Handler                       0x07fc0233   Thumb Code     0  startup_da14531.o(.text)
    RESERVED23_Handler                       0x07fc0233   Thumb Code     0  startup_da14531.o(.text)
    RFCAL_Handler                            0x07fc0233   Thumb Code     0  startup_da14531.o(.text)
    RTC_Handler                              0x07fc0233   Thumb Code     0  startup_da14531.o(.text)
    SPI_Handler                              0x07fc0233   Thumb Code     0  startup_da14531.o(.text)
    SWTIM1_Handler                           0x07fc0233   Thumb Code     0  startup_da14531.o(.text)
    SWTIM_Handler                            0x07fc0233   Thumb Code     0  startup_da14531.o(.text)
    XTAL32M_RDY_Handler                      0x07fc0233   Thumb Code     0  startup_da14531.o(.text)
    HardFault_HandlerC                       0x07fc0245   Thumb Code   186  hardfault_handler.o(.text)
    NMI_HandlerC                             0x07fc0311   Thumb Code   266  nmi_handler.o(.text)
    main                                     0x07fc05bf   Thumb Code   194  arch_main.o(.text)
    crypto_init_func                         0x07fc095d   Thumb Code     2  jump_table.o(.text)
    ba431_get_rand_func                      0x07fc095f   Thumb Code    34  jump_table.o(.text)
    dia_rand_func                            0x07fc0981   Thumb Code     8  jump_table.o(.text)
    dia_srand_func                           0x07fc0989   Thumb Code    12  jump_table.o(.text)
    dbg_init_func_empty                      0x07fc0995   Thumb Code     2  jump_table.o(.text)
    dbg_platform_reset_complete_func_empty   0x07fc0997   Thumb Code     2  jump_table.o(.text)
    smpm_ecdh_key_create_func_empty          0x07fc0999   Thumb Code     2  jump_table.o(.text)
    platform_reset_func                      0x07fc099b   Thumb Code    38  jump_table.o(.text)
    arch_disable_sleep                       0x07fc09c5   Thumb Code    26  arch_sleep.o(.text)
    arch_set_extended_sleep                  0x07fc09df   Thumb Code    50  arch_sleep.o(.text)
    arch_set_sleep_mode                      0x07fc0a11   Thumb Code    46  arch_sleep.o(.text)
    arch_get_sleep_mode                      0x07fc0a3f   Thumb Code    36  arch_sleep.o(.text)
    arch_ble_ext_wakeup_get                  0x07fc0a63   Thumb Code     6  arch_sleep.o(.text)
    arch_ble_force_wakeup                    0x07fc0a69   Thumb Code    82  arch_sleep.o(.text)
    read_rcx_freq                            0x07fc0ad5   Thumb Code   120  arch_system.o(.text)
    calibrate_rcx20                          0x07fc0b4d   Thumb Code    38  arch_system.o(.text)
    init_pwr_and_clk_ble                     0x07fc0b7b   Thumb Code   376  arch_system.o(.text)
    lld_sleep_lpcycles_2_us_rcx_func         0x07fc0cf3   Thumb Code    50  arch_system.o(.text)
    lld_sleep_lpcycles_2_us_sel_func         0x07fc0d25   Thumb Code    64  arch_system.o(.text)
    lld_sleep_us_2_lpcycles_rcx_func         0x07fc0d65   Thumb Code    28  arch_system.o(.text)
    lld_sleep_us_2_lpcycles_sel_func         0x07fc0d81   Thumb Code    64  arch_system.o(.text)
    set_sleep_delay                          0x07fc0dc1   Thumb Code   200  arch_system.o(.text)
    conditionally_run_radio_cals             0x07fc0e89   Thumb Code   266  arch_system.o(.text)
    check_sys_startup_period                 0x07fc0f93   Thumb Code    68  arch_system.o(.text)
    app_use_lower_clocks_check               0x07fc0fd7   Thumb Code     4  arch_system.o(.text)
    lld_sleep_init_func                      0x07fc0fdb   Thumb Code    38  arch_system.o(.text)
    set_xtal32m_trim_value                   0x07fc1001   Thumb Code   132  arch_system.o(.text)
    system_init                              0x07fc1085   Thumb Code   922  arch_system.o(.text)
    arch_rom_init                            0x07fc1445   Thumb Code   362  arch_rom.o(.text)
    otp_cs_store                             0x07fc1665   Thumb Code   800  otp_cs.o(.text)
    otp_cs_load_pd_rad                       0x07fc1985   Thumb Code   136  otp_cs.o(.text)
    otp_cs_load_pd_adpll                     0x07fc1a0d   Thumb Code   140  otp_cs.o(.text)
    otp_cs_get_adc_trim_val                  0x07fc1a99   Thumb Code     8  otp_cs.o(.text)
    otp_cs_get_adc_25_cal                    0x07fc1aa1   Thumb Code     8  otp_cs.o(.text)
    otp_cs_get_xtal32m_trim_value            0x07fc1aa9   Thumb Code     8  otp_cs.o(.text)
    otp_cs_get_xtal_wait_trim                0x07fc1ab1   Thumb Code     8  otp_cs.o(.text)
    otp_cs_get_adc_single_ge                 0x07fc1abd   Thumb Code    10  otp_cs.o(.text)
    otp_cs_get_adc_single_offset             0x07fc1acd   Thumb Code    10  otp_cs.o(.text)
    otp_cs_get_adc_diff_ge                   0x07fc1add   Thumb Code    10  otp_cs.o(.text)
    otp_cs_get_adc_diff_offset               0x07fc1aed   Thumb Code    10  otp_cs.o(.text)
    otp_cs_get_adc_offsh_ge                  0x07fc1afd   Thumb Code    10  otp_cs.o(.text)
    otp_cs_get_adc_offsh_offset              0x07fc1b0d   Thumb Code    10  otp_cs.o(.text)
    otp_hdr_get_bd_address                   0x07fc1b1d   Thumb Code    16  otp_hdr.o(.text)
    syscntl_use_lowest_amba_clocks           0x07fc1b31   Thumb Code    32  syscntl.o(.text)
    syscntl_use_highest_amba_clocks          0x07fc1b51   Thumb Code    28  syscntl.o(.text)
    syscntl_cfg_xtal32m_amp_reg              0x07fc1b6d   Thumb Code    20  syscntl.o(.text)
    syscntl_dcdc_get_level                   0x07fc1bcd   Thumb Code    30  syscntl.o(.text)
    syscntl_dcdc_set_level                   0x07fc1beb   Thumb Code    42  syscntl.o(.text)
    syscntl_dcdc_turn_on_in_boost            0x07fc1c15   Thumb Code   106  syscntl.o(.text)
    GPIO_init                                0x07fc1c91   Thumb Code   280  gpio.o(.text)
    GPIO_SetPinFunction                      0x07fc1da9   Thumb Code    86  gpio.o(.text)
    GPIO_SetInactive                         0x07fc1dff   Thumb Code    82  gpio.o(.text)
    GPIO_SetActive                           0x07fc1e51   Thumb Code    82  gpio.o(.text)
    GPIO_ConfigurePin                        0x07fc1ea3   Thumb Code    94  gpio.o(.text)
    GPIO_ResetIRQ                            0x07fc1f23   Thumb Code    46  gpio.o(.text)
    GPIOn_Handler                            0x07fc1f51   Thumb Code    62  gpio.o(.text)
    GPIO0_Handler                            0x07fc1f8f   Thumb Code    10  gpio.o(.text)
    GPIO1_Handler                            0x07fc1f99   Thumb Code    10  gpio.o(.text)
    GPIO2_Handler                            0x07fc1fa3   Thumb Code    10  gpio.o(.text)
    GPIO3_Handler                            0x07fc1fad   Thumb Code    10  gpio.o(.text)
    GPIO4_Handler                            0x07fc1fb7   Thumb Code    10  gpio.o(.text)
    WKUP_QUADEC_Handler                      0x07fc2043   Thumb Code   268  wkupct_quadec.o(.text)
    adc_temp_sensor_disable                  0x07fc219b   Thumb Code    16  adc_531.o(.text)
    adc_temp_sensor_enable                   0x07fc21ab   Thumb Code    34  adc_531.o(.text)
    adc_set_diff_input                       0x07fc21cd   Thumb Code    16  adc_531.o(.text)
    adc_set_se_input                         0x07fc21dd   Thumb Code    18  adc_531.o(.text)
    adc_enable                               0x07fc23b3   Thumb Code    16  adc_531.o(.text)
    adc_init                                 0x07fc23c3   Thumb Code    60  adc_531.o(.text)
    adc_start                                0x07fc23ff   Thumb Code    16  adc_531.o(.text)
    ADC_Handler                              0x07fc240f   Thumb Code    28  adc_531.o(.text)
    adc_get_temp                             0x07fc24a7   Thumb Code    96  adc_531.o(.text)
    i2c_setup_slave                          0x07fc252d   Thumb Code    94  i2c.o(.text)
    i2c_setup_master                         0x07fc258b   Thumb Code   124  i2c.o(.text)
    i2c_init                                 0x07fc2607   Thumb Code   334  i2c.o(.text)
    i2c_master_transmit_buffer_sync          0x07fc2755   Thumb Code   176  i2c.o(.text)
    I2C_Handler                              0x07fc2b45   Thumb Code    20  i2c.o(.text)
    i2c_register_int                         0x07fc2bed   Thumb Code    14  i2c.o(.text)
    i2c_unregister_int                       0x07fc2c05   Thumb Code    18  i2c.o(.text)
    hw_otpc_enter_mode                       0x07fc2c57   Thumb Code   120  hw_otpc_531.o(.text)
    hw_otpc_clear_dcdc_reserved              0x07fc2ccf   Thumb Code     8  hw_otpc_531.o(.text)
    hw_otpc_set_speed                        0x07fc2cd7   Thumb Code    38  hw_otpc_531.o(.text)
    hw_otpc_init                             0x07fc2cfd   Thumb Code   140  hw_otpc_531.o(.text)
    hw_otpc_disable                          0x07fc2dd7   Thumb Code   170  hw_otpc_531.o(.text)
    UART2_Handler                            0x07fc3083   Thumb Code    10  uart.o(.text)
    init_rand_seed_from_trng                 0x07fc30d3   Thumb Code   114  trng.o(.text)
    lld_sleep_compensate_func                0x07fc31ad   Thumb Code    54  rwble.o(.text)
    power_up                                 0x07fc31e3   Thumb Code   130  rwble.o(.text)
    BLE_WAKEUP_LP_Handler                    0x07fc3265   Thumb Code   118  rwble.o(.text)
    rwble_isr                                0x07fc32db   Thumb Code   444  rwble.o(.text)
    patched_ble_regs_push                    0x07fc3527   Thumb Code    16  rwip.o(.text)
    patched_ble_regs_pop                     0x07fc3537   Thumb Code    16  rwip.o(.text)
    rwip_sleep                               0x07fc3547   Thumb Code   654  rwip.o(.text)
    rf_reg_rd                                0x07fc381d   Thumb Code     6  ble_arp.o(.text)
    rf_reg_wr                                0x07fc3823   Thumb Code     2  ble_arp.o(.text)
    rf_init_func                             0x07fc39e1   Thumb Code   184  ble_arp.o(.text)
    rf_reinit_func                           0x07fc3a99   Thumb Code   152  ble_arp.o(.text)
    ble_init_arp_func                        0x07fc3b31   Thumb Code    40  ble_arp.o(.text)
    rf_recalibration                         0x07fc3b59   Thumb Code    32  ble_arp.o(.text)
    set_recommended_settings                 0x07fc3bbd   Thumb Code   546  rf_531.o(.text)
    dis_adpll                                0x07fc3ddf   Thumb Code    58  rf_531.o(.text)
    kdtc_cal_end                             0x07fc3e19   Thumb Code    90  rf_531.o(.text)
    dis_kdtc_cal                             0x07fc3e73   Thumb Code    14  rf_531.o(.text)
    en_hclk                                  0x07fc3e81   Thumb Code     8  rf_531.o(.text)
    en_adpll_tx                              0x07fc3e89   Thumb Code    78  rf_531.o(.text)
    dis_hclk                                 0x07fc3ed7   Thumb Code    28  rf_531.o(.text)
    en_kdtc_cal_mod0                         0x07fc3ef3   Thumb Code    28  rf_531.o(.text)
    en_kdtc_cal_mod1                         0x07fc3f0f   Thumb Code     8  rf_531.o(.text)
    kdtc_cal_init                            0x07fc3f17   Thumb Code   246  rf_531.o(.text)
    kdtc_calibration                         0x07fc400d   Thumb Code   376  rf_531.o(.text)
    rf_calibration                           0x07fc4185   Thumb Code     8  rf_531.o(.text)
    rf_power_up                              0x07fc418d   Thumb Code     2  rf_531.o(.text)
    rf_adplldig_activate                     0x07fc418f   Thumb Code    52  rf_531.o(.text)
    rf_adplldig_deactivate                   0x07fc41c3   Thumb Code    12  rf_531.o(.text)
    rf_pa_pwr_set                            0x07fc41cf   Thumb Code     6  rf_531.o(.text)
    rf_pa_pwr_get                            0x07fc41d5   Thumb Code     6  rf_531.o(.text)
    rf_nfm_is_enabled                        0x07fc41db   Thumb Code     6  rf_531.o(.text)
    prf_init_func                            0x07fc4369   Thumb Code   114  prf.o(.text)
    prf_create_func                          0x07fc43db   Thumb Code    66  prf.o(.text)
    default_app_on_init                      0x07fc4425   Thumb Code    18  app_default_handlers.o(.text)
    default_app_on_connection                0x07fc4437   Thumb Code    56  app_default_handlers.o(.text)
    default_app_on_set_dev_config_complete   0x07fc446f   Thumb Code    26  app_default_handlers.o(.text)
    default_app_on_db_init_complete          0x07fc4489   Thumb Code    18  app_default_handlers.o(.text)
    default_app_on_get_dev_name              0x07fc449b   Thumb Code    24  app_default_handlers.o(.text)
    default_app_on_get_dev_appearance        0x07fc44b3   Thumb Code     8  app_default_handlers.o(.text)
    default_app_on_get_dev_slv_pref_params   0x07fc44bb   Thumb Code    18  app_default_handlers.o(.text)
    default_app_on_set_dev_info              0x07fc44cd   Thumb Code    64  app_default_handlers.o(.text)
    default_app_update_params_request        0x07fc450d   Thumb Code    12  app_default_handlers.o(.text)
    default_app_generate_static_random_addr  0x07fc4519   Thumb Code    96  app_default_handlers.o(.text)
    app_db_init_next                         0x07fc45b3   Thumb Code   268  app.o(.text)
    app_prf_enable                           0x07fc46bf   Thumb Code   190  app.o(.text)
    app_init                                 0x07fc4bcf   Thumb Code    88  app.o(.text)
    app_easy_gap_undirected_advertise_get_active 0x07fc4c27   Thumb Code     8  app.o(.text)
    app_easy_gap_undirected_advertise_start  0x07fc4c2f   Thumb Code    34  app.o(.text)
    app_easy_gap_advertise_with_timeout_stop 0x07fc4c51   Thumb Code    30  app.o(.text)
    app_easy_gap_param_update_start          0x07fc4c6f   Thumb Code    32  app.o(.text)
    app_easy_gap_dev_configure               0x07fc4c8f   Thumb Code    26  app.o(.text)
    app_gap_process_handler                  0x07fc502d   Thumb Code    38  app_task.o(.text)
    app_dis_init                             0x07fc506d   Thumb Code     2  app_diss.o(.text)
    app_diss_create_db                       0x07fc506f   Thumb Code    56  app_diss.o(.text)
    app_diss_process_handler                 0x07fc514f   Thumb Code    38  app_diss_task.o(.text)
    app_check_BLE_active                     0x07fc51d5   Thumb Code    52  app_msg_utils.o(.text)
    app_timer_api_process_handler            0x07fc53c5   Thumb Code   122  app_easy_timer.o(.text)
    app_easy_timer                           0x07fc543f   Thumb Code    54  app_easy_timer.o(.text)
    app_easy_timer_cancel                    0x07fc5475   Thumb Code   100  app_easy_timer.o(.text)
    custs_get_func_callbacks                 0x07fc54f5   Thumb Code    44  app_customs.o(.text)
    app_custs1_create_db                     0x07fc5521   Thumb Code    58  app_customs.o(.text)
    app_custs1_process_handler               0x07fc5565   Thumb Code    36  app_customs_task.o(.text)
    GPIO_reservations                        0x07fc5589   Thumb Code   290  user_periph_setup.o(.text)
    set_pad_functions                        0x07fc56ab   Thumb Code   112  user_periph_setup.o(.text)
    periph_init                              0x07fc571b   Thumb Code    40  user_periph_setup.o(.text)
    user_svc1_led_time_wr_ind_handler        0x07fc5755   Thumb Code    38  user_custs1_impl.o(.text)
    user_svc1_led_wr_ind_handler             0x07fc5789   Thumb Code   174  user_custs1_impl.o(.text)
    user_app_init                            0x07fc59a5   Thumb Code    52  user_peripheral.o(.text)
    user_app_adv_start                       0x07fc59d9   Thumb Code    48  user_peripheral.o(.text)
    user_app_connection                      0x07fc5a09   Thumb Code   112  user_peripheral.o(.text)
    user_app_adv_undirect_complete           0x07fc5a79   Thumb Code    14  user_peripheral.o(.text)
    user_app_disconnect                      0x07fc5a87   Thumb Code    36  user_peripheral.o(.text)
    user_catch_rest_hndl                     0x07fc5aab   Thumb Code    86  user_peripheral.o(.text)
    i2c_ioExpander_AllLow                    0x07fc5b61   Thumb Code   110  user_io_expander_driver.o(.text)
    i2c_ioExpander_initialize                0x07fc5bcf   Thumb Code    14  user_io_expander_driver.o(.text)
    i2c_ioExpander_AllHigh                   0x07fc5bdd   Thumb Code   110  user_io_expander_driver.o(.text)
    i2c_ioExpander_RedHigh                   0x07fc5c4b   Thumb Code   110  user_io_expander_driver.o(.text)
    i2c_ioExpander_GreenHigh                 0x07fc5cb9   Thumb Code   110  user_io_expander_driver.o(.text)
    i2c_ioExpander_BlueHigh                  0x07fc5d27   Thumb Code   110  user_io_expander_driver.o(.text)
    JT_lld_test_mode_rx_func                 0x07fc5d9d   Thumb Code   142  patch.o(.text)
    JT_l2cc_pdu_unpack_func                  0x07fc5e2b   Thumb Code   786  patch.o(.text)
    JT_l2cc_pdu_recv_ind_handler_func        0x07fc613d   Thumb Code    72  patch.o(.text)
    patch_func                               0x07fc6185   Thumb Code     8  patch.o(.text)
    patch_global_vars_init                   0x07fc618d   Thumb Code     2  patch.o(.text)
    __scatterload                            0x07fc61c5   Thumb Code    28  init.o(.text)
    __scatterload_rt2                        0x07fc61c5   Thumb Code     0  init.o(.text)
    __ARM_common_ll_muluu                    0x07fc61e9   Thumb Code    48  arch_system.o(i.__ARM_common_ll_muluu)
    __scatterload_copy                       0x07fc6219   Thumb Code    14  handlers.o(i.__scatterload_copy)
    __scatterload_null                       0x07fc6227   Thumb Code     2  handlers.o(i.__scatterload_null)
    __scatterload_zeroinit                   0x07fc6229   Thumb Code    14  handlers.o(i.__scatterload_zeroinit)
    rom_nvds_cfg                             0x07fc6248   Data           8  nvds.o(.constdata)
    rom_func_addr_table_var                  0x07fc6278   Data         380  jump_table.o(.constdata)
    rom_cfg_table_var                        0x07fc63f4   Data         236  jump_table.o(.constdata)
    my_custom_msg_handlers                   0x07fc6510   Data           8  arch_rom.o(.constdata)
    arp_table                                0x07fc6580   Data           4  ble_arp.o(.constdata)
    arp_init_table                           0x07fc6584   Data         112  ble_arp.o(.constdata)
    rom_cust_prf_cfg                         0x07fc65f4   Data          16  custs1.o(.constdata)
    custs1_default_state                     0x07fc6604   Data          72  custs1_task.o(.constdata)
    custs1_default_handler                   0x07fc664c   Data           8  custs1_task.o(.constdata)
    prf_if                                   0x07fc6654   Data          24  prf.o(.constdata)
    rom_prf_cfg                              0x07fc666c   Data          12  prf.o(.constdata)
    prf_funcs                                0x07fc6784   Data          24  app.o(.constdata)
    app_process_handlers                     0x07fc68e8   Data          20  app_entry_point.o(.constdata)
    rom_app_task_cfg                         0x07fc68fc   Data          32  app_entry_point.o(.constdata)
    cust_prf_funcs                           0x07fc691c   Data          56  user_custs_config.o(.constdata)
    custs1_services                          0x07fc698a   Data           2  user_custs1_def.o(.constdata)
    custs1_services_size                     0x07fc698c   Data           1  user_custs1_def.o(.constdata)
    custs1_att_max_nb                        0x07fc698e   Data           2  user_custs1_def.o(.constdata)
    custs1_att_db                            0x07fc6990   Data         140  user_custs1_def.o(.constdata)
    Region$$Table$$Base                      0x07fc6a7c   Number         0  anon$$obj.o(Region$$Table)
    Region$$Table$$Limit                     0x07fc6a9c   Number         0  anon$$obj.o(Region$$Table)
    startup_sleep_delay                      0x07fc6a9c   Data           4  arch_system.o(.data)
    pa_en_dcf_tx_setting                     0x07fc6aa0   Data           1  rf_531.o(.data)
    twirq_set_value                          0x07fc6aa8   Data           4  arch_system.o(.bss)
    twirq_reset_value                        0x07fc6aac   Data           4  arch_system.o(.bss)
    otp_hdr_timestamp                        0x07fc6ab0   Data           4  arch_system.o(.bss)
    syscntl_dcdc_state                       0x07fc6ab8   Data           2  syscntl.o(.bss)
    twext_value                              0x07fc6b00   Data           4  rwip.o(.bss)
    calibration_res                          0x07fc6b04   Data          42  rf_531.o(.bss)
    currentIOExpanderState                   0x07fc6b34   Data           1  user_io_expander_driver.o(.bss)
    __initial_sp                             0x07fc7138   Data           0  startup_da14531.o(STACK)
    heap_mem_area_not_ret$$Base              0x07fc7138   Number         0  jump_table.o(heap_mem_area_not_ret)
    rwip_heap_non_ret                        0x07fc7138   Data        1036  jump_table.o(heap_mem_area_not_ret)
    Image$$RET_DATA_UNINIT$$Base             0x07fc8bc0   Number         0  anon$$obj.o ABSOLUTE
    clk_freq_trim_reg_value                  0x07fc8bd0   Data           2  arch_system.o(retention_mem_area0)
    sys_startup_flag                         0x07fc8bd2   Data           1  arch_system.o(retention_mem_area0)
    last_temp                                0x07fc8bd3   Data           1  arch_system.o(retention_mem_area0)
    last_temp_time                           0x07fc8bd8   Data           4  arch_system.o(retention_mem_area0)
    lp_clk_sel                               0x07fc8bdc   Data           4  arch_system.o(retention_mem_area0)
    rcx_freq                                 0x07fc8be0   Data           4  arch_system.o(retention_mem_area0)
    rcx_cal_in_progress                      0x07fc8be4   Data           1  arch_system.o(retention_mem_area0)
    rcx_period                               0x07fc8be8   Data           4  arch_system.o(retention_mem_area0)
    rcx_slot_duration                        0x07fc8bf0   Data           8  arch_system.o(retention_mem_area0)
    force_rf_cal                             0x07fc8bf8   Data           1  arch_system.o(retention_mem_area0)
    arch_wkupct_deb_time                     0x07fc8bfa   Data           2  arch_system.o(retention_mem_area0)
    dev_bdaddr                               0x07fc8bfc   Data           6  arch_system.o(retention_mem_area0)
    iq_trim_bias_ctrl1_reg                   0x07fc8c02   Data           2  arch_system.o(retention_mem_area0)
    iq_trim_rf_mixer_ctrl1_reg               0x07fc8c04   Data           2  arch_system.o(retention_mem_area0)
    heap_usage_env                           0x07fc8c06   Data           8  arch_system.o(retention_mem_area0)
    heap_usage_db                            0x07fc8c0e   Data           8  arch_system.o(retention_mem_area0)
    heap_usage_msg                           0x07fc8c16   Data           8  arch_system.o(retention_mem_area0)
    heap_usage_nonRet                        0x07fc8c1e   Data           8  arch_system.o(retention_mem_area0)
    xtal_wait_trim                           0x07fc8c26   Data           2  arch_system.o(retention_mem_area0)
    heap_log                                 0x07fc8c28   Data           2  arch_rom.o(retention_mem_area0)
    GPIO                                     0x07fc8c88   Data          48  gpio.o(retention_mem_area0)
    GPIO_status                              0x07fc8cb8   Data           8  gpio.o(retention_mem_area0)
    GPIOHandlerFunction                      0x07fc8cc0   Data          20  gpio.o(retention_mem_area0)
    arch_rwble_last_event                    0x07fc8d28   Data           1  rwble.o(retention_mem_area0)
    set_boost_low_vbat1v_overhead            0x07fc8d29   Data           1  rwble.o(retention_mem_area0)
    ble_finetim_corr                         0x07fc8d2c   Data           4  rwble.o(retention_mem_area0)
    sleep_lp_cycles                          0x07fc8d30   Data           4  rwip.o(retention_mem_area0)
    slp_period_retained                      0x07fc8d34   Data           4  rwip.o(retention_mem_area0)
    retained_BLE_EM_BASE_REG                 0x07fc8d38   Data           4  rwip.o(retention_mem_area0)
    prf_env                                  0x07fc8d44   Data          48  prf.o(retention_mem_area0)
    app_env                                  0x07fc8d74   Data          12  app.o(retention_mem_area0)
    app_prf_srv_perm                         0x07fc8d80   Data          20  app.o(retention_mem_area0)
    device_info                              0x07fc8d94   Data          36  app.o(retention_mem_area0)
    app_state                                0x07fc8dd9   Data           1  app_task.o(retention_mem_area0)
    timer_used                               0x07fc8e2c   Data           2  user_custs1_impl.o(retention_mem_area0)
    indication_counter                       0x07fc8e2e   Data           2  user_custs1_impl.o(retention_mem_area0)
    non_db_val_counter                       0x07fc8e30   Data           2  user_custs1_impl.o(retention_mem_area0)
    notificationState                        0x07fc8e32   Data           1  user_custs1_impl.o(retention_mem_area0)
    ledOnTime                                0x07fc8e34   Data           2  user_custs1_impl.o(retention_mem_area0)
    app_connection_idx                       0x07fc8e37   Data           1  user_peripheral.o(retention_mem_area0)
    app_adv_data_update_timer_used           0x07fc8e38   Data           1  user_peripheral.o(retention_mem_area0)
    app_param_update_request_timer_used      0x07fc8e39   Data           1  user_peripheral.o(retention_mem_area0)
    mnf_data                                 0x07fc8e3a   Data           6  user_peripheral.o(retention_mem_area0)
    mnf_data_index                           0x07fc8e40   Data           1  user_peripheral.o(retention_mem_area0)
    stored_adv_data_len                      0x07fc8e41   Data           1  user_peripheral.o(retention_mem_area0)
    stored_scan_rsp_data_len                 0x07fc8e42   Data           1  user_peripheral.o(retention_mem_area0)
    stored_adv_data                          0x07fc8e43   Data          31  user_peripheral.o(retention_mem_area0)
    stored_scan_rsp_data                     0x07fc8e62   Data          31  user_peripheral.o(retention_mem_area0)
    heap_db_area$$Base                       0x07fc8e84   Number         0  jump_table.o(heap_db_area)
    rwip_heap_db_ret                         0x07fc8e84   Data        1036  jump_table.o(heap_db_area)
    rwip_heap_env_ret                        0x07fc9290   Data         696  jump_table.o(heap_env_area)
    rwip_heap_msg_ret                        0x07fc9548   Data        1404  jump_table.o(heap_msg_area)
    dummy                                    0x07fc9c00   Data           0  da14531_symbols.txt ABSOLUTE
    trng_state_val                           0x07fcb89c   Data           4  trng.o(trng_state)
    ble_wakeup_executed                      0x07fcb900   Data           0  da14531_symbols.txt ABSOLUTE
    rf_in_sleep                              0x07fcb901   Data           0  da14531_symbols.txt ABSOLUTE
    custom_preinit                           0x07fcb904   Data           0  da14531_symbols.txt ABSOLUTE
    custom_postinit                          0x07fcb908   Data           0  da14531_symbols.txt ABSOLUTE
    custom_appinit                           0x07fcb90c   Data           0  da14531_symbols.txt ABSOLUTE
    custom_preloop                           0x07fcb910   Data           0  da14531_symbols.txt ABSOLUTE
    custom_preschedule                       0x07fcb914   Data           0  da14531_symbols.txt ABSOLUTE
    custom_postschedule                      0x07fcb918   Data           0  da14531_symbols.txt ABSOLUTE
    custom_postschedule_async                0x07fcb91c   Data           0  da14531_symbols.txt ABSOLUTE
    custom_presleepcheck                     0x07fcb920   Data           0  da14531_symbols.txt ABSOLUTE
    custom_appsleepset                       0x07fcb924   Data           0  da14531_symbols.txt ABSOLUTE
    custom_postsleepcheck                    0x07fcb928   Data           0  da14531_symbols.txt ABSOLUTE
    custom_presleepenter                     0x07fcb92c   Data           0  da14531_symbols.txt ABSOLUTE
    custom_postsleepexit                     0x07fcb930   Data           0  da14531_symbols.txt ABSOLUTE
    custom_prewakeup                         0x07fcb934   Data           0  da14531_symbols.txt ABSOLUTE
    custom_postwakeup                        0x07fcb938   Data           0  da14531_symbols.txt ABSOLUTE
    custom_preidlecheck                      0x07fcb93c   Data           0  da14531_symbols.txt ABSOLUTE
    custom_pti_set                           0x07fcb940   Data           0  da14531_symbols.txt ABSOLUTE
    REG_BLE_EM_TX_BUFFER_SIZE                0x07fcb944   Data           0  da14531_symbols.txt ABSOLUTE
    REG_BLE_EM_RX_BUFFER_SIZE                0x07fcb948   Data           0  da14531_symbols.txt ABSOLUTE
    _ble_base                                0x07fcb94c   Data           0  da14531_symbols.txt ABSOLUTE
    gap_cfg_user                             0x07fcb950   Data           0  da14531_symbols.txt ABSOLUTE
    rom_func_addr_table                      0x07fcb954   Data           0  da14531_symbols.txt ABSOLUTE
    rom_cfg_table                            0x07fcb958   Data           0  da14531_symbols.txt ABSOLUTE
    BLE_TX_DESC_DATA_USER                    0x07fcb95c   Data           0  da14531_symbols.txt ABSOLUTE
    BLE_TX_DESC_CNTL_USER                    0x07fcb960   Data           0  da14531_symbols.txt ABSOLUTE
    LLM_LE_ADV_DUMMY_IDX                     0x07fcb964   Data           0  da14531_symbols.txt ABSOLUTE
    LLM_LE_SCAN_CON_REQ_ADV_DIR_IDX          0x07fcb968   Data           0  da14531_symbols.txt ABSOLUTE
    LLM_LE_SCAN_RSP_IDX                      0x07fcb96c   Data           0  da14531_symbols.txt ABSOLUTE
    LLM_LE_ADV_IDX                           0x07fcb970   Data           0  da14531_symbols.txt ABSOLUTE
    length_exchange_needed                   0x07fcb974   Data           0  da14531_symbols.txt ABSOLUTE
    enh_con_cmp_cnt                          0x07fcb978   Data           0  da14531_symbols.txt ABSOLUTE
    rx_pkt_cnt                               0x07fcb980   Data           0  da14531_symbols.txt ABSOLUTE
    rx_pkt_cnt_bad                           0x07fcb984   Data           0  da14531_symbols.txt ABSOLUTE
    rx_pkt_cnt_bad_adv                       0x07fcb988   Data           0  da14531_symbols.txt ABSOLUTE
    rx_pkt_cnt_bad_scn                       0x07fcb98c   Data           0  da14531_symbols.txt ABSOLUTE
    rx_pkt_cnt_bad_oth                       0x07fcb990   Data           0  da14531_symbols.txt ABSOLUTE
    rx_pkt_cnt_bad_wo_sync_err               0x07fcb994   Data           0  da14531_symbols.txt ABSOLUTE
    rx_pkt_cnt_bad_con                       0x07fcb998   Data           0  da14531_symbols.txt ABSOLUTE
    connect_req_cnt                          0x07fcb99c   Data           0  da14531_symbols.txt ABSOLUTE
    last_status                              0x07fcb9a0   Data           0  da14531_symbols.txt ABSOLUTE
    llc_state                                0x07fcb9a4   Data           0  da14531_symbols.txt ABSOLUTE
    lld_sleep_env                            0x07fcb9a8   Data           0  da14531_symbols.txt ABSOLUTE
    lld_wlcoex_enable                        0x07fcb9ac   Data           0  da14531_symbols.txt ABSOLUTE
    ble_duplicate_filter_max                 0x07fcb9b0   Data           0  da14531_symbols.txt ABSOLUTE
    ble_duplicate_filter_found               0x07fcb9b1   Data           0  da14531_symbols.txt ABSOLUTE
    alter_conn_adv_all_cnt                   0x07fcb9b4   Data           0  da14531_symbols.txt ABSOLUTE
    alter_conn_adv_dir_cnt                   0x07fcb9b8   Data           0  da14531_symbols.txt ABSOLUTE
    alter_conn_adv_cnt                       0x07fcb9bc   Data           0  da14531_symbols.txt ABSOLUTE
    create_conn_cnt                          0x07fcb9c0   Data           0  da14531_symbols.txt ABSOLUTE
    alter_conn_cnt                           0x07fcb9c4   Data           0  da14531_symbols.txt ABSOLUTE
    alter_conn_restart_cnt                   0x07fcb9c8   Data           0  da14531_symbols.txt ABSOLUTE
    alter_conn_peer_addr                     0x07fcb9cc   Data           0  da14531_symbols.txt ABSOLUTE
    alter_conn_local_addr                    0x07fcb9d2   Data           0  da14531_symbols.txt ABSOLUTE
    set_adv_data_discard_old                 0x07fcb9d8   Data           0  da14531_symbols.txt ABSOLUTE
    llm_resolving_list_max                   0x07fcb9d9   Data           0  da14531_symbols.txt ABSOLUTE
    llm_local_le_feats                       0x07fcb9da   Data           0  da14531_symbols.txt ABSOLUTE
    llm_bt_env                               0x07fcb9e2   Data           0  da14531_symbols.txt ABSOLUTE
    init_tx_cnt_cntl_cnt1                    0x07fcb9ec   Data           0  da14531_symbols.txt ABSOLUTE
    init_tx_cnt_cntl_cnt                     0x07fcb9f0   Data           0  da14531_symbols.txt ABSOLUTE
    tx_cnt_cntl_cnt                          0x07fcb9f4   Data           0  da14531_symbols.txt ABSOLUTE
    llm_state                                0x07fcb9f8   Data           0  da14531_symbols.txt ABSOLUTE
    delay_us_cnt                             0x07fcb9fa   Data           0  da14531_symbols.txt ABSOLUTE
    gtl_state                                0x07fcb9fc   Data           0  da14531_symbols.txt ABSOLUTE
    use_h4tl                                 0x07fcb9fd   Data           0  da14531_symbols.txt ABSOLUTE
    hci_cmd_desc_root_tab                    0x07fcba00   Data           0  da14531_symbols.txt ABSOLUTE
    gattc_state                              0x07fcba30   Data           0  da14531_symbols.txt ABSOLUTE
    gattm_state                              0x07fcba33   Data           0  da14531_symbols.txt ABSOLUTE
    l2cc_state                               0x07fcba34   Data           0  da14531_symbols.txt ABSOLUTE
    l2cm_env                                 0x07fcba38   Data           0  da14531_symbols.txt ABSOLUTE
    gapc_state                               0x07fcba3e   Data           0  da14531_symbols.txt ABSOLUTE
    gapm_state                               0x07fcba41   Data           0  da14531_symbols.txt ABSOLUTE
    whitelist_fix                            0x07fcba42   Data           0  da14531_symbols.txt ABSOLUTE
    ecdh_key_creation_in_progress            0x07fcba44   Data           0  da14531_symbols.txt ABSOLUTE
    ke_free_bad                              0x07fcba48   Data           0  da14531_symbols.txt ABSOLUTE
    DISABLE_KE_TASK_ALTERNATIVE_SAVED_QUEUE  0x07fcba4c   Data           0  da14531_symbols.txt ABSOLUTE
    rwip_env                                 0x07fcba54   Data           0  da14531_symbols.txt ABSOLUTE
    _rand_state_ROM_DATA                     0x07fcba5c   Data           0  da14531_symbols.txt ABSOLUTE
    custom_msg_handlers                      0x07fcba60   Data           0  da14531_symbols.txt ABSOLUTE
    ble_reg_save                             0x07fcba64   Data           0  da14531_symbols.txt ABSOLUTE
    sleep_env                                0x07fcbab4   Data           0  da14531_symbols.txt ABSOLUTE
    uart_env                                 0x07fcbab8   Data           0  da14531_symbols.txt ABSOLUTE
    ke_mem_heaps_used                        0x07fcbadc   Data           0  da14531_symbols.txt ABSOLUTE
    co_buf_env                               0x07fcbae0   Data           0  da14531_symbols.txt ABSOLUTE
    llc_env                                  0x07fcbb78   Data           0  da14531_symbols.txt ABSOLUTE
    lld_evt_env                              0x07fcbb84   Data           0  da14531_symbols.txt ABSOLUTE
    llm_le_env                               0x07fcbbb0   Data           0  da14531_symbols.txt ABSOLUTE
    llm_local_cmds                           0x07fcbcb0   Data           0  da14531_symbols.txt ABSOLUTE
    gtl_env                                  0x07fcbd30   Data           0  da14531_symbols.txt ABSOLUTE
    hci_env                                  0x07fcbd78   Data           0  da14531_symbols.txt ABSOLUTE
    h4tl_env                                 0x07fcbd88   Data           0  da14531_symbols.txt ABSOLUTE
    gattc_env                                0x07fcbda0   Data           0  da14531_symbols.txt ABSOLUTE
    gattm_env                                0x07fcbdac   Data           0  da14531_symbols.txt ABSOLUTE
    l2cc_env                                 0x07fcbdd0   Data           0  da14531_symbols.txt ABSOLUTE
    ecdh_key                                 0x07fcbddc   Data           0  da14531_symbols.txt ABSOLUTE
    gapc_env                                 0x07fcbe3c   Data           0  da14531_symbols.txt ABSOLUTE
    gapm_env                                 0x07fcbe48   Data           0  da14531_symbols.txt ABSOLUTE
    ke_env                                   0x07fcbe74   Data           0  da14531_symbols.txt ABSOLUTE
    rwip_rf                                  0x07fcbf58   Data           0  da14531_symbols.txt ABSOLUTE



==============================================================================

Memory Map of the image

  Image Entry point : 0x07fc0111

  Load Region LR_IROM1 (Base: 0x07fc0000, Size: 0x000000a8, Max: 0x000000c0, ABSOLUTE)

    Execution Region ER_IROM1 (Exec base: 0x07fc0000, Load base: 0x07fc0000, Size: 0x000000a8, Max: 0x000000c0, ABSOLUTE)

    Exec Addr    Load Addr    Size         Type   Attr      Idx    E Section Name        Object

    0x07fc0000   0x07fc0000   0x000000a0   Data   RO          277    RESET               startup_da14531.o
    0x07fc00a0   0x07fc00a0   0x00000008   Data   RW          875    otp_cs_booter       otp_cs.o



  Load Region LR_IROM2 (Base: 0x07fc00c0, Size: 0x00000000, Max: 0x00000050, ABSOLUTE)

    Execution Region ER_IROM2 (Exec base: 0x07fc00c0, Load base: 0x07fc00c0, Size: 0x00000050, Max: 0x00000050, ABSOLUTE)

    Exec Addr    Load Addr    Size         Type   Attr      Idx    E Section Name        Object

    0x07fc00c0        -       0x00000050   Zero   RW            1    ER_IROM2.bss        anon$$obj.o



  Load Region LR_IROM3 (Base: 0x07fc0110, Size: 0x00006994, Max: 0x00008ab0, ABSOLUTE)

    Execution Region ER_IROM3 (Exec base: 0x07fc0110, Load base: 0x07fc0110, Size: 0x00006994, Max: 0x00008ab0, ABSOLUTE)

    Exec Addr    Load Addr    Size         Type   Attr      Idx    E Section Name        Object

    0x07fc0110   0x07fc0110   0x00000000   Code   RO         3014  * .ARM.Collect$$$$00000000  mc_p.l(entry.o)
    0x07fc0110   0x07fc0110   0x00000004   Code   RO         3015    .ARM.Collect$$$$00000001  mc_p.l(entry2.o)
    0x07fc0114   0x07fc0114   0x00000004   Code   RO         3018    .ARM.Collect$$$$00000004  mc_p.l(entry5.o)
    0x07fc0118   0x07fc0118   0x00000000   Code   RO         3020    .ARM.Collect$$$$00000008  mc_p.l(entry7b.o)
    0x07fc0118   0x07fc0118   0x00000000   Code   RO         3022    .ARM.Collect$$$$0000000A  mc_p.l(entry8b.o)
    0x07fc0118   0x07fc0118   0x00000008   Code   RO         3023    .ARM.Collect$$$$0000000B  mc_p.l(entry9a.o)
    0x07fc0120   0x07fc0120   0x00000000   Code   RO         3025    .ARM.Collect$$$$0000000D  mc_p.l(entry10a.o)
    0x07fc0120   0x07fc0120   0x00000000   Code   RO         3027    .ARM.Collect$$$$0000000F  mc_p.l(entry11a.o)
    0x07fc0120   0x07fc0120   0x00000004   Code   RO         3016    .ARM.Collect$$$$00002712  mc_p.l(entry2.o)
    0x07fc0124   0x07fc0124   0x000000d0   Code   RO            2    .text               system_da14531.o
    0x07fc01f4   0x07fc01f4   0x00000050   Code   RO          278    .text               startup_da14531.o
    0x07fc0244   0x07fc0244   0x000000cc   Code   RO          283    .text               hardfault_handler.o
    0x07fc0310   0x07fc0310   0x00000120   Code   RO          332    .text               nmi_handler.o
    0x07fc0430   0x07fc0430   0x0000052c   Code   RO          372    .text               arch_main.o
    0x07fc095c   0x07fc095c   0x00000068   Code   RO          550    .text               jump_table.o
    0x07fc09c4   0x07fc09c4   0x00000110   Code   RO          623    .text               arch_sleep.o
    0x07fc0ad4   0x07fc0ad4   0x00000970   Code   RO          674    .text               arch_system.o
    0x07fc1444   0x07fc1444   0x00000200   Code   RO          827    .text               arch_rom.o
    0x07fc1644   0x07fc1644   0x00000478   Code   RO          866    .text               otp_cs.o
    0x07fc1abc   0x07fc1abc   0x00000010   Code   RO          868    .text               otp_cs.o
    0x07fc1acc   0x07fc1acc   0x00000010   Code   RO          869    .text               otp_cs.o
    0x07fc1adc   0x07fc1adc   0x00000010   Code   RO          870    .text               otp_cs.o
    0x07fc1aec   0x07fc1aec   0x00000010   Code   RO          871    .text               otp_cs.o
    0x07fc1afc   0x07fc1afc   0x00000010   Code   RO          872    .text               otp_cs.o
    0x07fc1b0c   0x07fc1b0c   0x00000010   Code   RO          873    .text               otp_cs.o
    0x07fc1b1c   0x07fc1b1c   0x00000014   Code   RO          930    .text               otp_hdr.o
    0x07fc1b30   0x07fc1b30   0x00000160   Code   RO          945    .text               syscntl.o
    0x07fc1c90   0x07fc1c90   0x00000350   Code   RO          987    .text               gpio.o
    0x07fc1fe0   0x07fc1fe0   0x00000188   Code   RO         1094    .text               wkupct_quadec.o
    0x07fc2168   0x07fc2168   0x000003c4   Code   RO         1223    .text               adc_531.o
    0x07fc252c   0x07fc252c   0x000006c0   Code   RO         1707    .text               i2c.o
    0x07fc2bec   0x07fc2bec   0x00000018   Code   RO         1710    .text               i2c.o
    0x07fc2c04   0x07fc2c04   0x00000012   Code   RO         1711    .text               i2c.o
    0x07fc2c16   0x07fc2c16   0x00000002   PAD
    0x07fc2c18   0x07fc2c18   0x0000028c   Code   RO         1869    .text               hw_otpc_531.o
    0x07fc2ea4   0x07fc2ea4   0x000001f4   Code   RO         1929    .text               uart.o
    0x07fc3098   0x07fc3098   0x000000c0   Code   RO         2063    .text               trng.o
    0x07fc3158   0x07fc3158   0x00000370   Code   RO         2089    .text               rwble.o
    0x07fc34c8   0x07fc34c8   0x00000354   Code   RO         2140    .text               rwip.o
    0x07fc381c   0x07fc381c   0x000003a0   Code   RO         2167    .text               ble_arp.o
    0x07fc3bbc   0x07fc3bbc   0x0000063c   Code   RO         2194    .text               rf_531.o
    0x07fc41f8   0x07fc41f8   0x00000170   Code   RO         2337    .text               custs1_task.o
    0x07fc4368   0x07fc4368   0x000000bc   Code   RO         2360    .text               prf.o
    0x07fc4424   0x07fc4424   0x00000164   Code   RO         2387    .text               app_default_handlers.o
    0x07fc4588   0x07fc4588   0x00000778   Code   RO         2438    .text               app.o
    0x07fc4d00   0x07fc4d00   0x0000036c   Code   RO         2553    .text               app_task.o
    0x07fc506c   0x07fc506c   0x00000040   Code   RO         2636    .text               app_diss.o
    0x07fc50ac   0x07fc50ac   0x00000128   Code   RO         2648    .text               app_diss_task.o
    0x07fc51d4   0x07fc51d4   0x00000038   Code   RO         2704    .text               app_msg_utils.o
    0x07fc520c   0x07fc520c   0x000002e8   Code   RO         2783    .text               app_easy_timer.o
    0x07fc54f4   0x07fc54f4   0x00000070   Code   RO         2809    .text               app_customs.o
    0x07fc5564   0x07fc5564   0x00000024   Code   RO         2831    .text               app_customs_task.o
    0x07fc5588   0x07fc5588   0x000001cc   Code   RO         2917    .text               user_periph_setup.o
    0x07fc5754   0x07fc5754   0x000000f4   Code   RO         2941    .text               user_custs1_impl.o
    0x07fc5848   0x07fc5848   0x00000318   Code   RO         2968    .text               user_peripheral.o
    0x07fc5b60   0x07fc5b60   0x0000023c   Code   RO         2988    .text               user_io_expander_driver.o
    0x07fc5d9c   0x07fc5d9c   0x00000428   Code   RO         3012    .text               da14531.lib(patch.o)
    0x07fc61c4   0x07fc61c4   0x00000024   Code   RO         3029    .text               mc_p.l(init.o)
    0x07fc61e8   0x07fc61e8   0x00000030   Code   RO          701    i.__ARM_common_ll_muluu  arch_system.o
    0x07fc6218   0x07fc6218   0x0000000e   Code   RO         3033    i.__scatterload_copy  mc_p.l(handlers.o)
    0x07fc6226   0x07fc6226   0x00000002   Code   RO         3034    i.__scatterload_null  mc_p.l(handlers.o)
    0x07fc6228   0x07fc6228   0x0000000e   Code   RO         3035    i.__scatterload_zeroinit  mc_p.l(handlers.o)
    0x07fc6236   0x07fc6236   0x00000002   PAD
    0x07fc6238   0x07fc6238   0x00000018   Data   RO          350    .constdata          nvds.o
    0x07fc6250   0x07fc6250   0x00000028   Data   RO          373    .constdata          arch_main.o
    0x07fc6278   0x07fc6278   0x00000268   Data   RO          551    .constdata          jump_table.o
    0x07fc64e0   0x07fc64e0   0x00000030   Data   RO          678    .constdata          arch_system.o
    0x07fc6510   0x07fc6510   0x00000050   Data   RO          828    .constdata          arch_rom.o
    0x07fc6560   0x07fc6560   0x00000002   Data   RO         1001    .constdata          gpio.o
    0x07fc6562   0x07fc6562   0x00000002   PAD
    0x07fc6564   0x07fc6564   0x0000001c   Data   RO         1876    .constdata          hw_otpc_531.o
    0x07fc6580   0x07fc6580   0x00000074   Data   RO         2168    .constdata          ble_arp.o
    0x07fc65f4   0x07fc65f4   0x00000010   Data   RO         2321    .constdata          custs1.o
    0x07fc6604   0x07fc6604   0x00000050   Data   RO         2338    .constdata          custs1_task.o
    0x07fc6654   0x07fc6654   0x00000024   Data   RO         2361    .constdata          prf.o
    0x07fc6678   0x07fc6678   0x0000001c   Data   RO         2390    .constdata          app_default_handlers.o
    0x07fc6694   0x07fc6694   0x00000124   Data   RO         2450    .constdata          app.o
    0x07fc67b8   0x07fc67b8   0x000000c8   Data   RO         2554    .constdata          app_task.o
    0x07fc6880   0x07fc6880   0x00000008   Data   RO         2649    .constdata          app_diss_task.o
    0x07fc6888   0x07fc6888   0x00000094   Data   RO         2677    .constdata          app_entry_point.o
    0x07fc691c   0x07fc691c   0x00000038   Data   RO         2894    .constdata          user_custs_config.o
    0x07fc6954   0x07fc6954   0x000000c8   Data   RO         2907    .constdata          user_custs1_def.o
    0x07fc6a1c   0x07fc6a1c   0x00000010   Data   RO         2918    .constdata          user_periph_setup.o
    0x07fc6a2c   0x07fc6a2c   0x0000000c   Data   RO         2969    .constdata          user_peripheral.o
    0x07fc6a38   0x07fc6a38   0x00000042   Data   RO         2908    .conststring        user_custs1_def.o
    0x07fc6a7a   0x07fc6a7a   0x00000002   PAD
    0x07fc6a7c   0x07fc6a7c   0x00000020   Data   RO         3031    Region$$Table       anon$$obj.o
    0x07fc6a9c   0x07fc6a9c   0x00000004   Data   RW          679    .data               arch_system.o
    0x07fc6aa0   0x07fc6aa0   0x00000001   Data   RW         2207    .data               rf_531.o


    Execution Region ER_PRODTEST (Exec base: 0x07fc6aa8, Load base: 0x07fc6aa4, Size: 0x00000000, Max: 0xffffffff, ABSOLUTE, UNINIT)

    **** No section assigned to this execution region ****


    Execution Region ER_ZI (Exec base: 0x07fc6aa8, Load base: 0x07fc6aa4, Size: 0x00000690, Max: 0xffffffff, ABSOLUTE)

    Exec Addr    Load Addr    Size         Type   Attr      Idx    E Section Name        Object

    0x07fc6aa8        -       0x0000000c   Zero   RW          677    .bss                arch_system.o
    0x07fc6ab4        -       0x00000004   Zero   RW          874    .bss                otp_cs.o
    0x07fc6ab8        -       0x00000002   Zero   RW          950    .bss                syscntl.o
    0x07fc6aba        -       0x00000002   Zero   RW         1236    .bss                adc_531.o
    0x07fc6abc        -       0x00000030   Zero   RW         1718    .bss                i2c.o
    0x07fc6aec        -       0x00000014   Zero   RW         2064    .bss                trng.o
    0x07fc6b00        -       0x00000004   Zero   RW         2141    .bss                rwip.o
    0x07fc6b04        -       0x00000030   Zero   RW         2206    .bss                rf_531.o
    0x07fc6b34        -       0x00000001   Zero   RW         2990    .bss                user_io_expander_driver.o
    0x07fc6b35   0x07fc6aa4   0x00000003   PAD
    0x07fc6b38        -       0x00000600   Zero   RW          275    STACK               startup_da14531.o


    Execution Region ER_NZI (Exec base: 0x07fc7138, Load base: 0x07fc6aa4, Size: 0x0000040c, Max: 0xffffffff, ABSOLUTE, UNINIT)

    Exec Addr    Load Addr    Size         Type   Attr      Idx    E Section Name        Object

    0x07fc7138        -       0x0000040c   Zero   RW          554    heap_mem_area_not_ret  jump_table.o


    Execution Region ER_STATEFUL_HIBERNATION (Exec base: 0x07fc7544, Load base: 0x07fc6aa4, Size: 0x00000000, Max: 0xffffffff, ABSOLUTE, UNINIT)

    **** No section assigned to this execution region ****



  Load Region LR_RETAINED_RAM0 (Base: 0x07fc8bc0, Size: 0x00000000, Max: 0x00001440, ABSOLUTE)

    Execution Region RET_DATA_UNINIT (Exec base: 0x07fc8bc0, Load base: 0x07fc8bc0, Size: 0x00000000, Max: 0x00000000, ABSOLUTE, UNINIT)

    **** No section assigned to this execution region ****


    Execution Region RET_DATA (Exec base: 0x07fc8bc0, Load base: 0x07fc8bc0, Size: 0x000002c4, Max: 0x00000800, ABSOLUTE)

    Exec Addr    Load Addr    Size         Type   Attr      Idx    E Section Name        Object

    0x07fc8bc0        -       0x00000008   Zero   RW          374    retention_mem_area0  arch_main.o
    0x07fc8bc8        -       0x00000004   Zero   RW          630    retention_mem_area0  arch_sleep.o
    0x07fc8bcc   0x07fc8bc0   0x00000004   PAD
    0x07fc8bd0        -       0x00000058   Zero   RW          680    retention_mem_area0  arch_system.o
    0x07fc8c28        -       0x00000002   Zero   RW          829    retention_mem_area0  arch_rom.o
    0x07fc8c2a   0x07fc8bc0   0x00000002   PAD
    0x07fc8c2c        -       0x0000005c   Zero   RW          876    retention_mem_area0  otp_cs.o
    0x07fc8c88        -       0x0000004c   Zero   RW         1002    retention_mem_area0  gpio.o
    0x07fc8cd4        -       0x0000000c   Zero   RW         1108    retention_mem_area0  wkupct_quadec.o
    0x07fc8ce0        -       0x00000004   Zero   RW         1237    retention_mem_area0  adc_531.o
    0x07fc8ce4        -       0x00000001   Zero   RW         1877    retention_mem_area0  hw_otpc_531.o
    0x07fc8ce5   0x07fc8bc0   0x00000003   PAD
    0x07fc8ce8        -       0x00000040   Zero   RW         1948    retention_mem_area0  uart.o
    0x07fc8d28        -       0x00000008   Zero   RW         2090    retention_mem_area0  rwble.o
    0x07fc8d30        -       0x0000000c   Zero   RW         2142    retention_mem_area0  rwip.o
    0x07fc8d3c        -       0x00000008   Zero   RW         2208    retention_mem_area0  rf_531.o
    0x07fc8d44        -       0x00000030   Zero   RW         2362    retention_mem_area0  prf.o
    0x07fc8d74        -       0x00000065   Zero   RW         2451    retention_mem_area0  app.o
    0x07fc8dd9        -       0x00000001   Zero   RW         2555    retention_mem_area0  app_task.o
    0x07fc8dda   0x07fc8bc0   0x00000002   PAD
    0x07fc8ddc        -       0x00000050   Zero   RW         2786    retention_mem_area0  app_easy_timer.o
    0x07fc8e2c        -       0x0000000b   Zero   RW         2942    retention_mem_area0  user_custs1_impl.o
    0x07fc8e37        -       0x0000004a   Zero   RW         2970    retention_mem_area0  user_peripheral.o


    Execution Region RET_HEAP (Exec base: 0x07fc8e84, Load base: 0x07fc8bc0, Size: 0x00000c40, Max: 0x00000c40, ABSOLUTE, UNINIT)

    Exec Addr    Load Addr    Size         Type   Attr      Idx    E Section Name        Object

    0x07fc8e84        -       0x0000040c   Zero   RW          552    heap_db_area        jump_table.o
    0x07fc9290        -       0x000002b8   Zero   RW          553    heap_env_area       jump_table.o
    0x07fc9548        -       0x0000057c   Zero   RW          555    heap_msg_area       jump_table.o



  Load Region LR_FREE_AREA (Base: 0x07fcb4ac, Size: 0x00000000, Max: 0x000003f0, ABSOLUTE)

    Execution Region ER_FREE_AREA (Exec base: 0x07fcb4ac, Load base: 0x07fcb4ac, Size: 0x00000000, Max: 0x000003f0, ABSOLUTE)

    **** No section assigned to this execution region ****



  Load Region LR_RETAINED_TRNG_STATE (Base: 0x07fcb89c, Size: 0x00000000, Max: 0x00000004, ABSOLUTE)

    Execution Region RET_DATA_UNINIT_TRNG_STATE (Exec base: 0x07fcb89c, Load base: 0x07fcb89c, Size: 0x00000004, Max: 0x00000004, ABSOLUTE, UNINIT)

    Exec Addr    Load Addr    Size         Type   Attr      Idx    E Section Name        Object

    0x07fcb89c        -       0x00000004   Zero   RW         2065    trng_state          trng.o


==============================================================================

Image component sizes


      Code (inc. data)   RO Data    RW Data    ZI Data      Debug   Object Name

       964         38          0          0          6       8320   adc_531.o
      1912        158        292          0        101      20717   app.o
       112         10          0          0          0       1848   app_customs.o
        36          0          0          0          0       1581   app_customs_task.o
       356         16         28          0          0      10160   app_default_handlers.o
        64          6          0          0          0       1426   app_diss.o
       296        108          8          0          0       2631   app_diss_task.o
       744         28          0          0         80       5897   app_easy_timer.o
         0          0        148          0          0       3848   app_entry_point.o
        56          4          0          0          0        735   app_msg_utils.o
       876         48        200          0          1      11290   app_task.o
      1324        116         40          0          8      27963   arch_main.o
       512        150         80          0          2       2600   arch_rom.o
       272         26          0          0          4       2343   arch_sleep.o
      2464        182         48          4        100      96512   arch_system.o
       928         68        116          0          0      77080   ble_arp.o
         0          0         16          0          0       3738   custs1.o
       368         14         80          0          0       7210   custs1_task.o
       848         32          2          0         76      15956   gpio.o
       204         18          0          0          0      10225   hardfault_handler.o
       652         38         28          0          1       5109   hw_otpc_531.o
      1770         42          0          0         48      15168   i2c.o
       104          4        616          0       4172      11694   jump_table.o
       288         22          0          0          0       9087   nmi_handler.o
         0          0         24          0          0       5033   nvds.o
      1240        104          0          8         96       9498   otp_cs.o
        20          4          0          0          0       1181   otp_hdr.o
       188          8         36          0         48       3610   prf.o
      1596        138          0          1         56       6133   rf_531.o
       880         50          0          0          8      76678   rwble.o
       852         72          0          0         16      75102   rwip.o
        80         16        160          0       1536        788   startup_da14531.o
       352         18          0          0          2       4526   syscntl.o
       208         20          0          0          0     275912   system_da14531.o
       192         20          0          0         24       2504   trng.o
       500         12          0          0         64      11768   uart.o
         0          0        266          0          0       1347   user_custs1_def.o
       244         26          0          0         11       2644   user_custs1_impl.o
         0          0         56          0          0        873   user_custs_config.o
       572          8          0          0          1       9450   user_io_expander_driver.o
       460         18         16          0          0       4301   user_periph_setup.o
       792         96         12          0         74       6241   user_peripheral.o
       392         26          0          0         12      12182   wkupct_quadec.o

    ----------------------------------------------------------------------
     23720       1764       2308         16       6644     862909   Object Totals
         0          0         32          0         80          0   (incl. Generated)
         2          0          4          3         17          0   (incl. Padding)

    ----------------------------------------------------------------------

      Code (inc. data)   RO Data    RW Data    ZI Data      Debug   Library Member Name

      1064         54          0          0          0        276   patch.o
         0          0          0          0          0          0   entry.o
         0          0          0          0          0          0   entry10a.o
         0          0          0          0          0          0   entry11a.o
         8          4          0          0          0          0   entry2.o
         4          0          0          0          0          0   entry5.o
         0          0          0          0          0          0   entry7b.o
         0          0          0          0          0          0   entry8b.o
         8          4          0          0          0          0   entry9a.o
        30          0          0          0          0          0   handlers.o
        36          8          0          0          0         68   init.o

    ----------------------------------------------------------------------
      1152         70          0          0          0        344   Library Totals
         2          0          0          0          0          0   (incl. Padding)

    ----------------------------------------------------------------------

      Code (inc. data)   RO Data    RW Data    ZI Data      Debug   Library Name

      1064         54          0          0          0        276   da14531.lib
        86         16          0          0          0         68   mc_p.l

    ----------------------------------------------------------------------
      1152         70          0          0          0        344   Library Totals

    ----------------------------------------------------------------------

==============================================================================


      Code (inc. data)   RO Data    RW Data    ZI Data      Debug   

     24872       1834       2308         16       6644     860677   Grand Totals
     24872       1834       2308         16       6644     860677   ELF Image Totals
     24872       1834       2308         16          0          0   ROM Totals

==============================================================================

    Total RO  Size (Code + RO Data)                27180 (  26.54kB)
    Total RW  Size (RW Data + ZI Data)              6660 (   6.50kB)
    Total ROM Size (Code + RO Data + RW Data)      27196 (  26.56kB)

==============================================================================

